mode: set
github.com/EremenkoVO/webrtc/goserver/cmd/api/main.go:13.13,22.16 3 0
github.com/EremenkoVO/webrtc/goserver/cmd/api/main.go:22.16,24.3 1 0
github.com/EremenkoVO/webrtc/goserver/cmd/api/main.go:26.2,30.16 4 0
github.com/EremenkoVO/webrtc/goserver/cmd/api/main.go:30.16,32.3 1 0
github.com/EremenkoVO/webrtc/goserver/internal/adapter/handler/admin.go:44.85,46.16 2 0
github.com/EremenkoVO/webrtc/goserver/internal/adapter/handler/admin.go:46.16,49.3 2 0
github.com/EremenkoVO/webrtc/goserver/internal/adapter/handler/admin.go:50.2,50.84 1 0
github.com/EremenkoVO/webrtc/goserver/internal/adapter/handler/admin.go:54.80,56.61 2 0
github.com/EremenkoVO/webrtc/goserver/internal/adapter/handler/admin.go:56.61,59.3 2 0
github.com/EremenkoVO/webrtc/goserver/internal/adapter/handler/admin.go:61.2,62.16 2 0
github.com/EremenkoVO/webrtc/goserver/internal/adapter/handler/admin.go:62.16,65.3 2 0
github.com/EremenkoVO/webrtc/goserver/internal/adapter/handler/admin.go:67.2,67.66 1 0
github.com/EremenkoVO/webrtc/goserver/internal/adapter/handler/admin.go:71.79,73.16 2 0
github.com/EremenkoVO/webrtc/goserver/internal/adapter/handler/admin.go:73.16,76.3 2 0
github.com/EremenkoVO/webrtc/goserver/internal/adapter/handler/admin.go:78.2,79.26 2 0
github.com/EremenkoVO/webrtc/goserver/internal/adapter/handler/admin.go:79.26,86.26 2 0
github.com/EremenkoVO/webrtc/goserver/internal/adapter/handler/admin.go:86.26,89.4 2 0
github.com/EremenkoVO/webrtc/goserver/internal/adapter/handler/admin.go:90.3,90.14 1 0
github.com/EremenkoVO/webrtc/goserver/internal/adapter/handler/admin.go:92.2,92.43 1 0
github.com/EremenkoVO/webrtc/goserver/internal/adapter/handler/admin.go:96.81,98.9 2 0
github.com/EremenkoVO/webrtc/goserver/internal/adapter/handler/admin.go:98.9,101.3 2 0
github.com/EremenkoVO/webrtc/goserver/internal/adapter/handler/admin.go:103.2,105.16 3 0
github.com/EremenkoVO/webrtc/goserver/internal/adapter/handler/admin.go:105.16,108.3 2 0
github.com/EremenkoVO/webrtc/goserver/internal/adapter/handler/admin.go:110.2,110.82 1 0
github.com/EremenkoVO/webrtc/goserver/internal/adapter/handler/admin.go:110.82,113.3 2 0
github.com/EremenkoVO/webrtc/goserver/internal/adapter/handler/admin.go:115.2,115.37 1 0
github.com/EremenkoVO/webrtc/goserver/internal/adapter/handler/admin.go:119.84,121.9 2 0
github.com/EremenkoVO/webrtc/goserver/internal/adapter/handler/admin.go:121.9,124.3 2 0
github.com/EremenkoVO/webrtc/goserver/internal/adapter/handler/admin.go:126.2,128.16 3 0
github.com/EremenkoVO/webrtc/goserver/internal/adapter/handler/admin.go:128.16,131.3 2 0
github.com/EremenkoVO/webrtc/goserver/internal/adapter/handler/admin.go:133.2,134.61 2 0
github.com/EremenkoVO/webrtc/goserver/internal/adapter/handler/admin.go:134.61,137.3 2 0
github.com/EremenkoVO/webrtc/goserver/internal/adapter/handler/admin.go:139.2,139.96 1 0
github.com/EremenkoVO/webrtc/goserver/internal/adapter/handler/admin.go:139.96,142.3 2 0
github.com/EremenkoVO/webrtc/goserver/internal/adapter/handler/admin.go:144.2,144.37 1 0
github.com/EremenkoVO/webrtc/goserver/internal/adapter/handler/admin.go:148.79,150.16 2 0
github.com/EremenkoVO/webrtc/goserver/internal/adapter/handler/admin.go:150.16,153.3 2 0
github.com/EremenkoVO/webrtc/goserver/internal/adapter/handler/admin.go:155.2,156.29 2 0
github.com/EremenkoVO/webrtc/goserver/internal/adapter/handler/admin.go:156.29,163.3 1 0
github.com/EremenkoVO/webrtc/goserver/internal/adapter/handler/admin.go:164.2,164.43 1 0
github.com/EremenkoVO/webrtc/goserver/internal/adapter/handler/admin.go:168.81,170.9 2 0
github.com/EremenkoVO/webrtc/goserver/internal/adapter/handler/admin.go:170.9,173.3 2 0
github.com/EremenkoVO/webrtc/goserver/internal/adapter/handler/admin.go:175.2,176.18 2 0
github.com/EremenkoVO/webrtc/goserver/internal/adapter/handler/admin.go:176.18,179.3 2 0
github.com/EremenkoVO/webrtc/goserver/internal/adapter/handler/admin.go:181.2,181.80 1 0
github.com/EremenkoVO/webrtc/goserver/internal/adapter/handler/admin.go:181.80,184.3 2 0
github.com/EremenkoVO/webrtc/goserver/internal/adapter/handler/admin.go:186.2,186.37 1 0
github.com/EremenkoVO/webrtc/goserver/internal/adapter/handler/admin.go:190.79,192.16 2 0
github.com/EremenkoVO/webrtc/goserver/internal/adapter/handler/admin.go:192.16,195.3 2 0
github.com/EremenkoVO/webrtc/goserver/internal/adapter/handler/admin.go:196.2,196.44 1 0
github.com/EremenkoVO/webrtc/goserver/internal/adapter/handler/admin.go:200.79,202.16 2 0
github.com/EremenkoVO/webrtc/goserver/internal/adapter/handler/admin.go:202.16,205.3 2 0
github.com/EremenkoVO/webrtc/goserver/internal/adapter/handler/admin.go:206.2,206.45 1 0
github.com/EremenkoVO/webrtc/goserver/internal/adapter/handler/admin.go:217.78,219.28 2 0
github.com/EremenkoVO/webrtc/goserver/internal/adapter/handler/admin.go:219.28,220.17 1 0
github.com/EremenkoVO/webrtc/goserver/internal/adapter/handler/admin.go:220.17,222.4 1 0
github.com/EremenkoVO/webrtc/goserver/internal/adapter/handler/admin.go:224.2,224.61 1 0
github.com/EremenkoVO/webrtc/goserver/internal/adapter/handler/admin.go:224.61,227.3 2 0
github.com/EremenkoVO/webrtc/goserver/internal/adapter/handler/admin.go:228.2,228.37 1 0
github.com/EremenkoVO/webrtc/goserver/internal/adapter/handler/admin.go:232.81,236.83 3 0
github.com/EremenkoVO/webrtc/goserver/internal/adapter/handler/admin.go:236.83,237.30 1 0
github.com/EremenkoVO/webrtc/goserver/internal/adapter/handler/admin.go:237.30,239.4 1 0
github.com/EremenkoVO/webrtc/goserver/internal/adapter/handler/admin.go:240.3,241.17 2 0
github.com/EremenkoVO/webrtc/goserver/internal/adapter/handler/admin.go:241.17,243.4 1 0
github.com/EremenkoVO/webrtc/goserver/internal/adapter/handler/admin.go:244.3,246.13 3 0
github.com/EremenkoVO/webrtc/goserver/internal/adapter/handler/admin.go:249.2,251.59 3 0
github.com/EremenkoVO/webrtc/goserver/internal/adapter/handler/admin.go:251.59,254.3 2 0
github.com/EremenkoVO/webrtc/goserver/internal/adapter/handler/admin.go:256.2,261.4 1 0
github.com/EremenkoVO/webrtc/goserver/internal/adapter/handler/auth.go:13.78,14.15 1 0
github.com/EremenkoVO/webrtc/goserver/internal/adapter/handler/auth.go:14.15,16.3 1 0
github.com/EremenkoVO/webrtc/goserver/internal/adapter/handler/auth.go:18.2,19.61 2 0
github.com/EremenkoVO/webrtc/goserver/internal/adapter/handler/auth.go:19.61,22.3 2 0
github.com/EremenkoVO/webrtc/goserver/internal/adapter/handler/auth.go:24.2,25.16 2 0
github.com/EremenkoVO/webrtc/goserver/internal/adapter/handler/auth.go:25.16,29.3 3 0
github.com/EremenkoVO/webrtc/goserver/internal/adapter/handler/auth.go:31.2,31.71 1 0
github.com/EremenkoVO/webrtc/goserver/internal/adapter/handler/auth.go:36.75,38.61 2 0
github.com/EremenkoVO/webrtc/goserver/internal/adapter/handler/auth.go:38.61,41.3 2 0
github.com/EremenkoVO/webrtc/goserver/internal/adapter/handler/auth.go:43.2,44.16 2 0
github.com/EremenkoVO/webrtc/goserver/internal/adapter/handler/auth.go:44.16,48.3 3 0
github.com/EremenkoVO/webrtc/goserver/internal/adapter/handler/auth.go:50.2,50.66 1 0
github.com/EremenkoVO/webrtc/goserver/internal/adapter/handler/auth.go:55.78,57.61 2 0
github.com/EremenkoVO/webrtc/goserver/internal/adapter/handler/auth.go:57.61,60.3 2 0
github.com/EremenkoVO/webrtc/goserver/internal/adapter/handler/auth.go:62.2,63.16 2 0
github.com/EremenkoVO/webrtc/goserver/internal/adapter/handler/auth.go:63.16,67.3 3 0
github.com/EremenkoVO/webrtc/goserver/internal/adapter/handler/auth.go:69.2,69.66 1 0
github.com/EremenkoVO/webrtc/goserver/internal/adapter/handler/auth.go:74.76,77.9 2 0
github.com/EremenkoVO/webrtc/goserver/internal/adapter/handler/auth.go:77.9,80.3 2 0
github.com/EremenkoVO/webrtc/goserver/internal/adapter/handler/auth.go:82.2,83.16 2 0
github.com/EremenkoVO/webrtc/goserver/internal/adapter/handler/auth.go:83.16,87.3 3 0
github.com/EremenkoVO/webrtc/goserver/internal/adapter/handler/auth.go:89.2,89.37 1 0
github.com/EremenkoVO/webrtc/goserver/internal/adapter/handler/auth.go:94.80,96.9 2 0
github.com/EremenkoVO/webrtc/goserver/internal/adapter/handler/auth.go:96.9,99.3 2 0
github.com/EremenkoVO/webrtc/goserver/internal/adapter/handler/auth.go:101.2,102.16 2 0
github.com/EremenkoVO/webrtc/goserver/internal/adapter/handler/auth.go:102.16,106.3 3 0
github.com/EremenkoVO/webrtc/goserver/internal/adapter/handler/auth.go:108.2,108.68 1 0
github.com/EremenkoVO/webrtc/goserver/internal/adapter/handler/chat.go:32.84,34.9 2 0
github.com/EremenkoVO/webrtc/goserver/internal/adapter/handler/chat.go:34.9,37.3 2 0
github.com/EremenkoVO/webrtc/goserver/internal/adapter/handler/chat.go:40.2,41.79 2 0
github.com/EremenkoVO/webrtc/goserver/internal/adapter/handler/chat.go:41.79,43.3 1 0
github.com/EremenkoVO/webrtc/goserver/internal/adapter/handler/chat.go:44.2,44.20 1 0
github.com/EremenkoVO/webrtc/goserver/internal/adapter/handler/chat.go:44.20,46.3 1 0
github.com/EremenkoVO/webrtc/goserver/internal/adapter/handler/chat.go:48.2,49.18 2 0
github.com/EremenkoVO/webrtc/goserver/internal/adapter/handler/chat.go:49.18,52.3 2 0
github.com/EremenkoVO/webrtc/goserver/internal/adapter/handler/chat.go:54.2,55.59 2 0
github.com/EremenkoVO/webrtc/goserver/internal/adapter/handler/chat.go:55.59,58.3 2 0
github.com/EremenkoVO/webrtc/goserver/internal/adapter/handler/chat.go:60.2,61.16 2 0
github.com/EremenkoVO/webrtc/goserver/internal/adapter/handler/chat.go:61.16,64.3 2 0
github.com/EremenkoVO/webrtc/goserver/internal/adapter/handler/chat.go:65.2,65.15 1 0
github.com/EremenkoVO/webrtc/goserver/internal/adapter/handler/chat.go:65.15,65.35 1 0
github.com/EremenkoVO/webrtc/goserver/internal/adapter/handler/chat.go:67.2,68.16 2 0
github.com/EremenkoVO/webrtc/goserver/internal/adapter/handler/chat.go:68.16,71.3 2 0
github.com/EremenkoVO/webrtc/goserver/internal/adapter/handler/chat.go:73.2,75.37 2 0
github.com/EremenkoVO/webrtc/goserver/internal/adapter/handler/chat.go:75.37,76.66 1 0
github.com/EremenkoVO/webrtc/goserver/internal/adapter/handler/chat.go:76.66,78.4 1 0
github.com/EremenkoVO/webrtc/goserver/internal/adapter/handler/chat.go:78.9,81.4 2 0
github.com/EremenkoVO/webrtc/goserver/internal/adapter/handler/chat.go:84.2,100.86 4 0
github.com/EremenkoVO/webrtc/goserver/internal/adapter/handler/chat.go:100.86,103.3 2 0
github.com/EremenkoVO/webrtc/goserver/internal/adapter/handler/chat.go:105.2,110.4 2 0
github.com/EremenkoVO/webrtc/goserver/internal/adapter/handler/chat.go:116.83,118.9 2 0
github.com/EremenkoVO/webrtc/goserver/internal/adapter/handler/chat.go:118.9,121.3 2 0
github.com/EremenkoVO/webrtc/goserver/internal/adapter/handler/chat.go:123.2,124.79 2 0
github.com/EremenkoVO/webrtc/goserver/internal/adapter/handler/chat.go:124.79,126.3 1 0
github.com/EremenkoVO/webrtc/goserver/internal/adapter/handler/chat.go:127.2,127.20 1 0
github.com/EremenkoVO/webrtc/goserver/internal/adapter/handler/chat.go:127.20,129.3 1 0
github.com/EremenkoVO/webrtc/goserver/internal/adapter/handler/chat.go:131.2,132.18 2 0
github.com/EremenkoVO/webrtc/goserver/internal/adapter/handler/chat.go:132.18,135.3 2 0
github.com/EremenkoVO/webrtc/goserver/internal/adapter/handler/chat.go:137.2,138.58 2 0
github.com/EremenkoVO/webrtc/goserver/internal/adapter/handler/chat.go:138.58,141.3 2 0
github.com/EremenkoVO/webrtc/goserver/internal/adapter/handler/chat.go:143.2,144.16 2 0
github.com/EremenkoVO/webrtc/goserver/internal/adapter/handler/chat.go:144.16,147.3 2 0
github.com/EremenkoVO/webrtc/goserver/internal/adapter/handler/chat.go:148.2,148.15 1 0
github.com/EremenkoVO/webrtc/goserver/internal/adapter/handler/chat.go:148.15,148.35 1 0
github.com/EremenkoVO/webrtc/goserver/internal/adapter/handler/chat.go:150.2,151.16 2 0
github.com/EremenkoVO/webrtc/goserver/internal/adapter/handler/chat.go:151.16,154.3 2 0
github.com/EremenkoVO/webrtc/goserver/internal/adapter/handler/chat.go:156.2,158.109 2 0
github.com/EremenkoVO/webrtc/goserver/internal/adapter/handler/chat.go:158.109,160.3 1 0
github.com/EremenkoVO/webrtc/goserver/internal/adapter/handler/chat.go:162.2,162.55 1 0
github.com/EremenkoVO/webrtc/goserver/internal/adapter/handler/chat.go:162.55,166.3 3 0
github.com/EremenkoVO/webrtc/goserver/internal/adapter/handler/chat.go:168.2,170.59 3 0
github.com/EremenkoVO/webrtc/goserver/internal/adapter/handler/chat.go:170.59,174.3 3 0
github.com/EremenkoVO/webrtc/goserver/internal/adapter/handler/chat.go:176.2,190.66 2 0
github.com/EremenkoVO/webrtc/goserver/internal/adapter/handler/chat.go:190.66,195.3 4 0
github.com/EremenkoVO/webrtc/goserver/internal/adapter/handler/chat.go:198.2,204.4 3 0
github.com/EremenkoVO/webrtc/goserver/internal/adapter/handler/chat.go:208.83,210.29 2 0
github.com/EremenkoVO/webrtc/goserver/internal/adapter/handler/chat.go:210.29,213.3 2 0
github.com/EremenkoVO/webrtc/goserver/internal/adapter/handler/chat.go:215.2,216.16 2 0
github.com/EremenkoVO/webrtc/goserver/internal/adapter/handler/chat.go:216.16,219.3 2 0
github.com/EremenkoVO/webrtc/goserver/internal/adapter/handler/chat.go:220.2,220.20 1 0
github.com/EremenkoVO/webrtc/goserver/internal/adapter/handler/chat.go:220.20,223.3 2 0
github.com/EremenkoVO/webrtc/goserver/internal/adapter/handler/chat.go:225.2,227.16 3 0
github.com/EremenkoVO/webrtc/goserver/internal/adapter/handler/chat.go:227.16,230.3 2 0
github.com/EremenkoVO/webrtc/goserver/internal/adapter/handler/chat.go:231.2,231.15 1 0
github.com/EremenkoVO/webrtc/goserver/internal/adapter/handler/chat.go:231.15,231.32 1 0
github.com/EremenkoVO/webrtc/goserver/internal/adapter/handler/chat.go:233.2,234.16 2 0
github.com/EremenkoVO/webrtc/goserver/internal/adapter/handler/chat.go:234.16,237.3 2 0
github.com/EremenkoVO/webrtc/goserver/internal/adapter/handler/chat.go:239.2,242.14 4 0
github.com/EremenkoVO/webrtc/goserver/internal/adapter/handler/chat.go:242.14,244.3 1 0
github.com/EremenkoVO/webrtc/goserver/internal/adapter/handler/chat.go:244.8,246.3 1 0
github.com/EremenkoVO/webrtc/goserver/internal/adapter/handler/chat.go:247.2,247.46 1 0
github.com/EremenkoVO/webrtc/goserver/internal/adapter/handler/chat.go:251.81,253.14 2 0
github.com/EremenkoVO/webrtc/goserver/internal/adapter/handler/chat.go:253.14,256.3 2 0
github.com/EremenkoVO/webrtc/goserver/internal/adapter/handler/chat.go:258.2,259.16 2 0
github.com/EremenkoVO/webrtc/goserver/internal/adapter/handler/chat.go:259.16,262.3 2 0
github.com/EremenkoVO/webrtc/goserver/internal/adapter/handler/chat.go:263.2,263.17 1 0
github.com/EremenkoVO/webrtc/goserver/internal/adapter/handler/chat.go:263.17,266.3 2 0
github.com/EremenkoVO/webrtc/goserver/internal/adapter/handler/chat.go:268.2,271.22 4 0
github.com/EremenkoVO/webrtc/goserver/internal/adapter/handler/middleware.go:24.43,25.71 1 0
github.com/EremenkoVO/webrtc/goserver/internal/adapter/handler/middleware.go:25.71,33.28 5 0
github.com/EremenkoVO/webrtc/goserver/internal/adapter/handler/middleware.go:33.28,36.4 2 0
github.com/EremenkoVO/webrtc/goserver/internal/adapter/handler/middleware.go:39.3,39.23 1 0
github.com/EremenkoVO/webrtc/goserver/internal/adapter/handler/middleware.go:47.69,49.2 1 0
github.com/EremenkoVO/webrtc/goserver/internal/adapter/handler/middleware.go:51.68,52.71 1 0
github.com/EremenkoVO/webrtc/goserver/internal/adapter/handler/middleware.go:52.71,54.71 1 0
github.com/EremenkoVO/webrtc/goserver/internal/adapter/handler/middleware.go:54.71,58.4 2 0
github.com/EremenkoVO/webrtc/goserver/internal/adapter/handler/middleware.go:60.3,61.23 2 0
github.com/EremenkoVO/webrtc/goserver/internal/adapter/handler/middleware.go:61.23,64.4 2 0
github.com/EremenkoVO/webrtc/goserver/internal/adapter/handler/middleware.go:66.3,66.48 1 0
github.com/EremenkoVO/webrtc/goserver/internal/adapter/handler/middleware.go:66.48,69.4 2 0
github.com/EremenkoVO/webrtc/goserver/internal/adapter/handler/middleware.go:71.3,73.17 3 0
github.com/EremenkoVO/webrtc/goserver/internal/adapter/handler/middleware.go:73.17,76.4 2 0
github.com/EremenkoVO/webrtc/goserver/internal/adapter/handler/middleware.go:79.3,81.40 3 0
github.com/EremenkoVO/webrtc/goserver/internal/adapter/handler/middleware.go:90.49,93.2 2 0
github.com/EremenkoVO/webrtc/goserver/internal/adapter/handler/middleware.go:96.73,98.9 2 0
github.com/EremenkoVO/webrtc/goserver/internal/adapter/handler/middleware.go:98.9,100.3 1 0
github.com/EremenkoVO/webrtc/goserver/internal/adapter/handler/middleware.go:101.2,101.26 1 0
github.com/EremenkoVO/webrtc/goserver/internal/adapter/handler/middleware.go:104.56,105.71 1 0
github.com/EremenkoVO/webrtc/goserver/internal/adapter/handler/middleware.go:105.71,126.3 5 0
github.com/EremenkoVO/webrtc/goserver/internal/adapter/handler/middleware.go:131.77,132.54 1 0
github.com/EremenkoVO/webrtc/goserver/internal/adapter/handler/middleware.go:132.54,134.68 2 0
github.com/EremenkoVO/webrtc/goserver/internal/adapter/handler/middleware.go:134.68,137.4 2 0
github.com/EremenkoVO/webrtc/goserver/internal/adapter/handler/middleware.go:139.3,141.17 3 0
github.com/EremenkoVO/webrtc/goserver/internal/adapter/handler/middleware.go:141.17,144.4 2 0
github.com/EremenkoVO/webrtc/goserver/internal/adapter/handler/middleware.go:146.3,148.40 3 0
github.com/EremenkoVO/webrtc/goserver/internal/adapter/handler/middleware.go:152.54,154.2 1 0
github.com/EremenkoVO/webrtc/goserver/internal/adapter/handler/middleware.go:157.78,158.54 1 0
github.com/EremenkoVO/webrtc/goserver/internal/adapter/handler/middleware.go:158.54,160.68 2 0
github.com/EremenkoVO/webrtc/goserver/internal/adapter/handler/middleware.go:160.68,163.4 2 0
github.com/EremenkoVO/webrtc/goserver/internal/adapter/handler/middleware.go:165.3,170.17 3 0
github.com/EremenkoVO/webrtc/goserver/internal/adapter/handler/middleware.go:170.17,173.4 2 0
github.com/EremenkoVO/webrtc/goserver/internal/adapter/handler/middleware.go:175.3,176.36 2 0
github.com/EremenkoVO/webrtc/goserver/internal/adapter/handler/middleware.go:176.36,179.4 2 0
github.com/EremenkoVO/webrtc/goserver/internal/adapter/handler/middleware.go:181.3,183.40 3 0
github.com/EremenkoVO/webrtc/goserver/internal/adapter/handler/rooms.go:19.42,19.57 1 0
github.com/EremenkoVO/webrtc/goserver/internal/adapter/handler/rooms.go:27.27,29.2 1 0
github.com/EremenkoVO/webrtc/goserver/internal/adapter/handler/rooms.go:33.75,37.29 3 0
github.com/EremenkoVO/webrtc/goserver/internal/adapter/handler/rooms.go:37.29,44.113 2 0
github.com/EremenkoVO/webrtc/goserver/internal/adapter/handler/rooms.go:44.113,46.5 1 0
github.com/EremenkoVO/webrtc/goserver/internal/adapter/handler/rooms.go:50.2,50.47 1 0
github.com/EremenkoVO/webrtc/goserver/internal/adapter/handler/rooms.go:55.76,57.79 2 0
github.com/EremenkoVO/webrtc/goserver/internal/adapter/handler/rooms.go:57.79,62.3 2 0
github.com/EremenkoVO/webrtc/goserver/internal/adapter/handler/rooms.go:64.2,65.21 2 0
github.com/EremenkoVO/webrtc/goserver/internal/adapter/handler/rooms.go:65.21,67.3 1 0
github.com/EremenkoVO/webrtc/goserver/internal/adapter/handler/rooms.go:69.2,72.65 2 0
github.com/EremenkoVO/webrtc/goserver/internal/adapter/handler/rooms.go:72.65,74.80 2 0
github.com/EremenkoVO/webrtc/goserver/internal/adapter/handler/rooms.go:74.80,76.4 1 0
github.com/EremenkoVO/webrtc/goserver/internal/adapter/handler/rooms.go:77.3,77.96 1 0
github.com/EremenkoVO/webrtc/goserver/internal/adapter/handler/rooms.go:80.2,88.51 3 0
github.com/EremenkoVO/webrtc/goserver/internal/adapter/handler/rooms.go:93.89,95.17 2 0
github.com/EremenkoVO/webrtc/goserver/internal/adapter/handler/rooms.go:95.17,100.3 2 0
github.com/EremenkoVO/webrtc/goserver/internal/adapter/handler/rooms.go:102.2,108.43 3 0
github.com/EremenkoVO/webrtc/goserver/internal/adapter/handler/rooms.go:113.100,115.17 2 0
github.com/EremenkoVO/webrtc/goserver/internal/adapter/handler/rooms.go:115.17,120.3 2 0
github.com/EremenkoVO/webrtc/goserver/internal/adapter/handler/rooms.go:122.2,123.25 2 0
github.com/EremenkoVO/webrtc/goserver/internal/adapter/handler/rooms.go:123.25,128.3 2 0
github.com/EremenkoVO/webrtc/goserver/internal/adapter/handler/rooms.go:130.2,131.38 2 0
github.com/EremenkoVO/webrtc/goserver/internal/adapter/handler/rooms.go:131.38,136.3 1 0
github.com/EremenkoVO/webrtc/goserver/internal/adapter/handler/rooms.go:138.2,143.43 2 0
github.com/EremenkoVO/webrtc/goserver/internal/adapter/handler/rooms.go:148.84,150.16 2 0
github.com/EremenkoVO/webrtc/goserver/internal/adapter/handler/rooms.go:150.16,154.3 1 0
github.com/EremenkoVO/webrtc/goserver/internal/adapter/handler/rooms.go:156.2,156.47 1 0
github.com/EremenkoVO/webrtc/goserver/internal/adapter/handler/rooms.go:161.111,164.16 2 0
github.com/EremenkoVO/webrtc/goserver/internal/adapter/handler/rooms.go:164.16,167.3 2 0
github.com/EremenkoVO/webrtc/goserver/internal/adapter/handler/rooms.go:170.2,171.17 2 0
github.com/EremenkoVO/webrtc/goserver/internal/adapter/handler/rooms.go:171.17,174.3 2 0
github.com/EremenkoVO/webrtc/goserver/internal/adapter/handler/rooms.go:177.2,178.28 2 0
github.com/EremenkoVO/webrtc/goserver/internal/adapter/handler/rooms.go:178.28,180.3 1 0
github.com/EremenkoVO/webrtc/goserver/internal/adapter/handler/rooms.go:181.2,181.20 1 0
github.com/EremenkoVO/webrtc/goserver/internal/adapter/handler/rooms.go:181.20,182.80 1 0
github.com/EremenkoVO/webrtc/goserver/internal/adapter/handler/rooms.go:182.80,184.4 1 0
github.com/EremenkoVO/webrtc/goserver/internal/adapter/handler/rooms.go:186.2,186.20 1 0
github.com/EremenkoVO/webrtc/goserver/internal/adapter/handler/rooms.go:186.20,188.3 1 0
github.com/EremenkoVO/webrtc/goserver/internal/adapter/handler/rooms.go:190.2,191.16 2 0
github.com/EremenkoVO/webrtc/goserver/internal/adapter/handler/rooms.go:191.16,193.3 1 0
github.com/EremenkoVO/webrtc/goserver/internal/adapter/handler/rooms.go:195.2,195.78 1 0
github.com/EremenkoVO/webrtc/goserver/internal/adapter/handler/server_wrapper.go:33.18,44.2 1 0
github.com/EremenkoVO/webrtc/goserver/internal/adapter/handler/server_wrapper.go:56.68,63.2 1 0
github.com/EremenkoVO/webrtc/goserver/internal/adapter/handler/server_wrapper.go:65.69,71.33 2 0
github.com/EremenkoVO/webrtc/goserver/internal/adapter/handler/server_wrapper.go:71.33,74.3 2 0
github.com/EremenkoVO/webrtc/goserver/internal/adapter/handler/server_wrapper.go:75.2,75.13 1 0
github.com/EremenkoVO/webrtc/goserver/internal/adapter/handler/server_wrapper.go:78.74,83.2 4 0
github.com/EremenkoVO/webrtc/goserver/internal/adapter/handler/server_wrapper.go:85.84,87.2 1 0
github.com/EremenkoVO/webrtc/goserver/internal/adapter/handler/user.go:17.80,19.9 2 0
github.com/EremenkoVO/webrtc/goserver/internal/adapter/handler/user.go:19.9,22.3 2 0
github.com/EremenkoVO/webrtc/goserver/internal/adapter/handler/user.go:24.2,25.61 2 0
github.com/EremenkoVO/webrtc/goserver/internal/adapter/handler/user.go:25.61,28.3 2 0
github.com/EremenkoVO/webrtc/goserver/internal/adapter/handler/user.go:30.2,30.112 1 0
github.com/EremenkoVO/webrtc/goserver/internal/adapter/handler/user.go:30.112,33.3 2 0
github.com/EremenkoVO/webrtc/goserver/internal/adapter/handler/user.go:35.2,35.37 1 0
github.com/EremenkoVO/webrtc/goserver/internal/adapter/handler/user.go:48.78,50.9 2 0
github.com/EremenkoVO/webrtc/goserver/internal/adapter/handler/user.go:50.9,53.3 2 0
github.com/EremenkoVO/webrtc/goserver/internal/adapter/handler/user.go:55.2,56.60 2 0
github.com/EremenkoVO/webrtc/goserver/internal/adapter/handler/user.go:56.60,59.3 2 0
github.com/EremenkoVO/webrtc/goserver/internal/adapter/handler/user.go:61.2,62.16 2 0
github.com/EremenkoVO/webrtc/goserver/internal/adapter/handler/user.go:62.16,65.3 2 0
github.com/EremenkoVO/webrtc/goserver/internal/adapter/handler/user.go:66.2,66.15 1 0
github.com/EremenkoVO/webrtc/goserver/internal/adapter/handler/user.go:66.15,66.35 1 0
github.com/EremenkoVO/webrtc/goserver/internal/adapter/handler/user.go:68.2,69.16 2 0
github.com/EremenkoVO/webrtc/goserver/internal/adapter/handler/user.go:69.16,72.3 2 0
github.com/EremenkoVO/webrtc/goserver/internal/adapter/handler/user.go:74.2,75.38 2 0
github.com/EremenkoVO/webrtc/goserver/internal/adapter/handler/user.go:75.38,78.3 2 0
github.com/EremenkoVO/webrtc/goserver/internal/adapter/handler/user.go:80.2,80.91 1 0
github.com/EremenkoVO/webrtc/goserver/internal/adapter/handler/user.go:80.91,83.3 2 0
github.com/EremenkoVO/webrtc/goserver/internal/adapter/handler/user.go:85.2,85.37 1 0
github.com/EremenkoVO/webrtc/goserver/internal/adapter/handler/user.go:89.75,91.20 2 0
github.com/EremenkoVO/webrtc/goserver/internal/adapter/handler/user.go:91.20,94.3 2 0
github.com/EremenkoVO/webrtc/goserver/internal/adapter/handler/user.go:96.2,97.16 2 0
github.com/EremenkoVO/webrtc/goserver/internal/adapter/handler/user.go:97.16,100.3 2 0
github.com/EremenkoVO/webrtc/goserver/internal/adapter/handler/user.go:102.2,105.22 4 0
github.com/EremenkoVO/webrtc/goserver/internal/adapter/repository/accesstoken/inmemory.go:19.75,28.2 1 0
github.com/EremenkoVO/webrtc/goserver/internal/adapter/repository/accesstoken/inmemory.go:30.63,32.2 1 0
github.com/EremenkoVO/webrtc/goserver/internal/adapter/repository/accesstoken/inmemory.go:34.84,36.2 1 0
github.com/EremenkoVO/webrtc/goserver/internal/adapter/repository/accesstoken/inmemory.go:38.54,40.2 1 0
github.com/EremenkoVO/webrtc/goserver/internal/adapter/repository/sqlite/audit_repository.go:15.59,17.2 1 0
github.com/EremenkoVO/webrtc/goserver/internal/adapter/repository/sqlite/audit_repository.go:19.105,23.2 3 0
github.com/EremenkoVO/webrtc/goserver/internal/adapter/repository/sqlite/audit_repository.go:25.100,28.16 3 0
github.com/EremenkoVO/webrtc/goserver/internal/adapter/repository/sqlite/audit_repository.go:28.16,30.3 1 0
github.com/EremenkoVO/webrtc/goserver/internal/adapter/repository/sqlite/audit_repository.go:31.2,34.18 3 0
github.com/EremenkoVO/webrtc/goserver/internal/adapter/repository/sqlite/audit_repository.go:34.18,36.103 2 0
github.com/EremenkoVO/webrtc/goserver/internal/adapter/repository/sqlite/audit_repository.go:36.103,38.4 1 0
github.com/EremenkoVO/webrtc/goserver/internal/adapter/repository/sqlite/audit_repository.go:39.3,39.30 1 0
github.com/EremenkoVO/webrtc/goserver/internal/adapter/repository/sqlite/audit_repository.go:41.2,41.27 1 0
github.com/EremenkoVO/webrtc/goserver/internal/adapter/repository/sqlite/message_repository.go:15.62,17.2 1 0
github.com/EremenkoVO/webrtc/goserver/internal/adapter/repository/sqlite/message_repository.go:19.87,21.16 2 0
github.com/EremenkoVO/webrtc/goserver/internal/adapter/repository/sqlite/message_repository.go:21.16,23.3 1 0
github.com/EremenkoVO/webrtc/goserver/internal/adapter/repository/sqlite/message_repository.go:24.2,33.12 2 0
github.com/EremenkoVO/webrtc/goserver/internal/adapter/repository/sqlite/message_repository.go:36.125,48.2 3 0
github.com/EremenkoVO/webrtc/goserver/internal/adapter/repository/sqlite/message_repository.go:50.98,56.26 4 0
github.com/EremenkoVO/webrtc/goserver/internal/adapter/repository/sqlite/message_repository.go:56.26,58.3 1 0
github.com/EremenkoVO/webrtc/goserver/internal/adapter/repository/sqlite/message_repository.go:59.2,59.31 1 0
github.com/EremenkoVO/webrtc/goserver/internal/adapter/repository/sqlite/message_repository.go:62.91,74.2 3 0
github.com/EremenkoVO/webrtc/goserver/internal/adapter/repository/sqlite/message_repository.go:76.105,81.26 3 0
github.com/EremenkoVO/webrtc/goserver/internal/adapter/repository/sqlite/message_repository.go:81.26,83.3 1 0
github.com/EremenkoVO/webrtc/goserver/internal/adapter/repository/sqlite/message_repository.go:84.2,84.45 1 0
github.com/EremenkoVO/webrtc/goserver/internal/adapter/repository/sqlite/message_repository.go:87.98,92.2 2 0
github.com/EremenkoVO/webrtc/goserver/internal/adapter/repository/sqlite/message_repository.go:94.118,99.16 2 0
github.com/EremenkoVO/webrtc/goserver/internal/adapter/repository/sqlite/message_repository.go:99.16,101.3 1 0
github.com/EremenkoVO/webrtc/goserver/internal/adapter/repository/sqlite/message_repository.go:102.2,105.18 3 0
github.com/EremenkoVO/webrtc/goserver/internal/adapter/repository/sqlite/message_repository.go:105.18,107.17 2 0
github.com/EremenkoVO/webrtc/goserver/internal/adapter/repository/sqlite/message_repository.go:107.17,109.4 1 0
github.com/EremenkoVO/webrtc/goserver/internal/adapter/repository/sqlite/message_repository.go:110.3,110.34 1 0
github.com/EremenkoVO/webrtc/goserver/internal/adapter/repository/sqlite/message_repository.go:110.34,112.4 1 0
github.com/EremenkoVO/webrtc/goserver/internal/adapter/repository/sqlite/message_repository.go:113.3,113.55 1 0
github.com/EremenkoVO/webrtc/goserver/internal/adapter/repository/sqlite/message_repository.go:113.55,115.4 1 0
github.com/EremenkoVO/webrtc/goserver/internal/adapter/repository/sqlite/message_repository.go:116.3,116.27 1 0
github.com/EremenkoVO/webrtc/goserver/internal/adapter/repository/sqlite/message_repository.go:118.2,118.25 1 0
github.com/EremenkoVO/webrtc/goserver/internal/adapter/repository/sqlite/message_repository.go:121.84,125.2 2 0
github.com/EremenkoVO/webrtc/goserver/internal/adapter/repository/sqlite/message_repository.go:127.74,130.2 2 0
github.com/EremenkoVO/webrtc/goserver/internal/adapter/repository/sqlite/message_repository.go:132.114,134.16 2 0
github.com/EremenkoVO/webrtc/goserver/internal/adapter/repository/sqlite/message_repository.go:134.16,136.3 1 0
github.com/EremenkoVO/webrtc/goserver/internal/adapter/repository/sqlite/message_repository.go:137.2,139.12 2 0
github.com/EremenkoVO/webrtc/goserver/internal/adapter/repository/sqlite/message_repository.go:142.86,145.26 3 0
github.com/EremenkoVO/webrtc/goserver/internal/adapter/repository/sqlite/message_repository.go:145.26,147.3 1 0
github.com/EremenkoVO/webrtc/goserver/internal/adapter/repository/sqlite/message_repository.go:148.2,148.22 1 0
github.com/EremenkoVO/webrtc/goserver/internal/adapter/repository/sqlite/message_repository.go:151.61,166.26 9 0
github.com/EremenkoVO/webrtc/goserver/internal/adapter/repository/sqlite/message_repository.go:166.26,168.3 1 0
github.com/EremenkoVO/webrtc/goserver/internal/adapter/repository/sqlite/message_repository.go:169.2,169.16 1 0
github.com/EremenkoVO/webrtc/goserver/internal/adapter/repository/sqlite/message_repository.go:169.16,171.3 1 0
github.com/EremenkoVO/webrtc/goserver/internal/adapter/repository/sqlite/message_repository.go:172.2,175.33 4 0
github.com/EremenkoVO/webrtc/goserver/internal/adapter/repository/sqlite/message_repository.go:175.33,177.3 1 0
github.com/EremenkoVO/webrtc/goserver/internal/adapter/repository/sqlite/message_repository.go:178.2,178.50 1 0
github.com/EremenkoVO/webrtc/goserver/internal/adapter/repository/sqlite/message_repository.go:178.50,183.3 4 0
github.com/EremenkoVO/webrtc/goserver/internal/adapter/repository/sqlite/message_repository.go:184.2,184.78 1 0
github.com/EremenkoVO/webrtc/goserver/internal/adapter/repository/sqlite/message_repository.go:184.78,186.3 1 0
github.com/EremenkoVO/webrtc/goserver/internal/adapter/repository/sqlite/message_repository.go:187.2,187.17 1 0
github.com/EremenkoVO/webrtc/goserver/internal/adapter/repository/sqlite/message_repository.go:190.66,205.16 9 0
github.com/EremenkoVO/webrtc/goserver/internal/adapter/repository/sqlite/message_repository.go:205.16,207.3 1 0
github.com/EremenkoVO/webrtc/goserver/internal/adapter/repository/sqlite/message_repository.go:208.2,211.50 4 0
github.com/EremenkoVO/webrtc/goserver/internal/adapter/repository/sqlite/message_repository.go:211.50,215.3 3 0
github.com/EremenkoVO/webrtc/goserver/internal/adapter/repository/sqlite/message_repository.go:216.2,216.78 1 0
github.com/EremenkoVO/webrtc/goserver/internal/adapter/repository/sqlite/message_repository.go:216.78,218.3 1 0
github.com/EremenkoVO/webrtc/goserver/internal/adapter/repository/sqlite/message_repository.go:219.2,219.17 1 0
github.com/EremenkoVO/webrtc/goserver/internal/adapter/repository/sqlite/message_repository.go:222.70,227.2 2 0
github.com/EremenkoVO/webrtc/goserver/internal/adapter/repository/sqlite/message_repository.go:229.28,230.7 1 0
github.com/EremenkoVO/webrtc/goserver/internal/adapter/repository/sqlite/message_repository.go:230.7,232.3 1 0
github.com/EremenkoVO/webrtc/goserver/internal/adapter/repository/sqlite/message_repository.go:233.2,233.10 1 0
github.com/EremenkoVO/webrtc/goserver/internal/adapter/repository/sqlite/room_repository.go:14.52,16.2 1 0
github.com/EremenkoVO/webrtc/goserver/internal/adapter/repository/sqlite/room_repository.go:18.83,22.2 3 0
github.com/EremenkoVO/webrtc/goserver/internal/adapter/repository/sqlite/room_repository.go:24.92,30.26 5 0
github.com/EremenkoVO/webrtc/goserver/internal/adapter/repository/sqlite/room_repository.go:30.26,32.3 1 0
github.com/EremenkoVO/webrtc/goserver/internal/adapter/repository/sqlite/room_repository.go:34.2,34.16 1 0
github.com/EremenkoVO/webrtc/goserver/internal/adapter/repository/sqlite/room_repository.go:34.16,36.3 1 0
github.com/EremenkoVO/webrtc/goserver/internal/adapter/repository/sqlite/room_repository.go:39.2,41.19 2 0
github.com/EremenkoVO/webrtc/goserver/internal/adapter/repository/sqlite/room_repository.go:44.81,47.16 3 0
github.com/EremenkoVO/webrtc/goserver/internal/adapter/repository/sqlite/room_repository.go:47.16,49.3 1 0
github.com/EremenkoVO/webrtc/goserver/internal/adapter/repository/sqlite/room_repository.go:50.2,53.18 3 0
github.com/EremenkoVO/webrtc/goserver/internal/adapter/repository/sqlite/room_repository.go:53.18,56.17 3 0
github.com/EremenkoVO/webrtc/goserver/internal/adapter/repository/sqlite/room_repository.go:56.17,58.4 1 0
github.com/EremenkoVO/webrtc/goserver/internal/adapter/repository/sqlite/room_repository.go:61.3,63.31 2 0
github.com/EremenkoVO/webrtc/goserver/internal/adapter/repository/sqlite/room_repository.go:66.2,66.34 1 0
github.com/EremenkoVO/webrtc/goserver/internal/adapter/repository/sqlite/room_repository.go:66.34,68.3 1 0
github.com/EremenkoVO/webrtc/goserver/internal/adapter/repository/sqlite/room_repository.go:70.2,70.19 1 0
github.com/EremenkoVO/webrtc/goserver/internal/adapter/repository/sqlite/room_repository.go:73.79,77.2 3 0
github.com/EremenkoVO/webrtc/goserver/internal/adapter/repository/sqlite/token_repository.go:15.54,17.2 1 0
github.com/EremenkoVO/webrtc/goserver/internal/adapter/repository/sqlite/token_repository.go:19.100,23.2 3 0
github.com/EremenkoVO/webrtc/goserver/internal/adapter/repository/sqlite/token_repository.go:25.109,31.26 5 0
github.com/EremenkoVO/webrtc/goserver/internal/adapter/repository/sqlite/token_repository.go:31.26,33.3 1 0
github.com/EremenkoVO/webrtc/goserver/internal/adapter/repository/sqlite/token_repository.go:35.2,35.16 1 0
github.com/EremenkoVO/webrtc/goserver/internal/adapter/repository/sqlite/token_repository.go:35.16,37.3 1 0
github.com/EremenkoVO/webrtc/goserver/internal/adapter/repository/sqlite/token_repository.go:39.2,39.27 1 0
github.com/EremenkoVO/webrtc/goserver/internal/adapter/repository/sqlite/token_repository.go:42.87,47.2 3 0
github.com/EremenkoVO/webrtc/goserver/internal/adapter/repository/sqlite/token_repository.go:49.89,54.2 3 0
github.com/EremenkoVO/webrtc/goserver/internal/adapter/repository/sqlite/token_repository.go:56.73,61.2 3 0
github.com/EremenkoVO/webrtc/goserver/internal/adapter/repository/sqlite/user_repository.go:16.52,18.2 1 0
github.com/EremenkoVO/webrtc/goserver/internal/adapter/repository/sqlite/user_repository.go:20.83,22.16 2 0
github.com/EremenkoVO/webrtc/goserver/internal/adapter/repository/sqlite/user_repository.go:22.16,24.3 1 0
github.com/EremenkoVO/webrtc/goserver/internal/adapter/repository/sqlite/user_repository.go:25.2,27.12 3 0
github.com/EremenkoVO/webrtc/goserver/internal/adapter/repository/sqlite/user_repository.go:30.101,36.26 5 0
github.com/EremenkoVO/webrtc/goserver/internal/adapter/repository/sqlite/user_repository.go:36.26,38.3 1 0
github.com/EremenkoVO/webrtc/goserver/internal/adapter/repository/sqlite/user_repository.go:40.2,40.16 1 0
github.com/EremenkoVO/webrtc/goserver/internal/adapter/repository/sqlite/user_repository.go:40.16,42.3 1 0
github.com/EremenkoVO/webrtc/goserver/internal/adapter/repository/sqlite/user_repository.go:44.2,44.19 1 0
github.com/EremenkoVO/webrtc/goserver/internal/adapter/repository/sqlite/user_repository.go:47.86,53.26 5 0
github.com/EremenkoVO/webrtc/goserver/internal/adapter/repository/sqlite/user_repository.go:53.26,55.3 1 0
github.com/EremenkoVO/webrtc/goserver/internal/adapter/repository/sqlite/user_repository.go:57.2,57.16 1 0
github.com/EremenkoVO/webrtc/goserver/internal/adapter/repository/sqlite/user_repository.go:57.16,59.3 1 0
github.com/EremenkoVO/webrtc/goserver/internal/adapter/repository/sqlite/user_repository.go:61.2,61.19 1 0
github.com/EremenkoVO/webrtc/goserver/internal/adapter/repository/sqlite/user_repository.go:64.101,67.25 3 0
github.com/EremenkoVO/webrtc/goserver/internal/adapter/repository/sqlite/user_repository.go:67.25,68.14 1 0
github.com/EremenkoVO/webrtc/goserver/internal/adapter/repository/sqlite/user_repository.go:68.14,69.12 1 0
github.com/EremenkoVO/webrtc/goserver/internal/adapter/repository/sqlite/user_repository.go:71.3,71.28 1 0
github.com/EremenkoVO/webrtc/goserver/internal/adapter/repository/sqlite/user_repository.go:71.28,72.12 1 0
github.com/EremenkoVO/webrtc/goserver/internal/adapter/repository/sqlite/user_repository.go:74.3,75.30 2 0
github.com/EremenkoVO/webrtc/goserver/internal/adapter/repository/sqlite/user_repository.go:77.2,77.22 1 0
github.com/EremenkoVO/webrtc/goserver/internal/adapter/repository/sqlite/user_repository.go:77.22,79.3 1 0
github.com/EremenkoVO/webrtc/goserver/internal/adapter/repository/sqlite/user_repository.go:81.2,83.28 3 0
github.com/EremenkoVO/webrtc/goserver/internal/adapter/repository/sqlite/user_repository.go:83.28,86.3 2 0
github.com/EremenkoVO/webrtc/goserver/internal/adapter/repository/sqlite/user_repository.go:87.2,89.16 3 0
github.com/EremenkoVO/webrtc/goserver/internal/adapter/repository/sqlite/user_repository.go:89.16,91.3 1 0
github.com/EremenkoVO/webrtc/goserver/internal/adapter/repository/sqlite/user_repository.go:92.2,95.18 3 0
github.com/EremenkoVO/webrtc/goserver/internal/adapter/repository/sqlite/user_repository.go:95.18,98.51 3 0
github.com/EremenkoVO/webrtc/goserver/internal/adapter/repository/sqlite/user_repository.go:98.51,100.4 1 0
github.com/EremenkoVO/webrtc/goserver/internal/adapter/repository/sqlite/user_repository.go:101.3,101.21 1 0
github.com/EremenkoVO/webrtc/goserver/internal/adapter/repository/sqlite/user_repository.go:103.2,103.24 1 0
github.com/EremenkoVO/webrtc/goserver/internal/adapter/repository/sqlite/user_repository.go:106.89,112.2 4 0
github.com/EremenkoVO/webrtc/goserver/internal/adapter/repository/sqlite/user_repository.go:114.111,118.2 3 0
github.com/EremenkoVO/webrtc/goserver/internal/adapter/repository/sqlite/user_repository.go:120.103,124.2 3 0
github.com/EremenkoVO/webrtc/goserver/internal/adapter/repository/sqlite/user_repository.go:126.80,130.2 3 0
github.com/EremenkoVO/webrtc/goserver/internal/adapter/repository/sqlite/user_repository.go:132.108,137.26 5 0
github.com/EremenkoVO/webrtc/goserver/internal/adapter/repository/sqlite/user_repository.go:137.26,139.3 1 0
github.com/EremenkoVO/webrtc/goserver/internal/adapter/repository/sqlite/user_repository.go:140.2,140.16 1 0
github.com/EremenkoVO/webrtc/goserver/internal/adapter/repository/sqlite/user_repository.go:140.16,142.3 1 0
github.com/EremenkoVO/webrtc/goserver/internal/adapter/repository/sqlite/user_repository.go:143.2,143.31 1 0
github.com/EremenkoVO/webrtc/goserver/internal/adapter/repository/sqlite/user_repository.go:146.81,149.16 3 0
github.com/EremenkoVO/webrtc/goserver/internal/adapter/repository/sqlite/user_repository.go:149.16,151.3 1 0
github.com/EremenkoVO/webrtc/goserver/internal/adapter/repository/sqlite/user_repository.go:152.2,155.18 3 0
github.com/EremenkoVO/webrtc/goserver/internal/adapter/repository/sqlite/user_repository.go:155.18,157.93 2 0
github.com/EremenkoVO/webrtc/goserver/internal/adapter/repository/sqlite/user_repository.go:157.93,159.4 1 0
github.com/EremenkoVO/webrtc/goserver/internal/adapter/repository/sqlite/user_repository.go:160.3,160.28 1 0
github.com/EremenkoVO/webrtc/goserver/internal/adapter/repository/sqlite/user_repository.go:162.2,162.26 1 0
github.com/EremenkoVO/webrtc/goserver/internal/adapter/repository/sqlite/user_repository.go:165.76,169.2 3 0
github.com/EremenkoVO/webrtc/goserver/internal/adapter/repository/sqlite/user_repository.go:171.93,175.2 3 0
github.com/EremenkoVO/webrtc/goserver/internal/adapter/repository/sqlite/user_repository.go:177.70,182.2 4 0
github.com/EremenkoVO/webrtc/goserver/internal/adapter/repository/sqlite/user_repository.go:184.87,188.26 4 0
github.com/EremenkoVO/webrtc/goserver/internal/adapter/repository/sqlite/user_repository.go:188.26,190.3 1 0
github.com/EremenkoVO/webrtc/goserver/internal/adapter/repository/sqlite/user_repository.go:191.2,191.18 1 0
github.com/EremenkoVO/webrtc/goserver/internal/app/api.go:37.65,39.2 1 0
github.com/EremenkoVO/webrtc/goserver/internal/app/api.go:41.49,43.16 2 0
github.com/EremenkoVO/webrtc/goserver/internal/app/api.go:43.16,45.3 1 0
github.com/EremenkoVO/webrtc/goserver/internal/app/api.go:47.2,48.16 2 0
github.com/EremenkoVO/webrtc/goserver/internal/app/api.go:48.16,50.3 1 0
github.com/EremenkoVO/webrtc/goserver/internal/app/api.go:53.2,109.12 38 0
github.com/EremenkoVO/webrtc/goserver/internal/app/api.go:112.49,114.27 1 0
github.com/EremenkoVO/webrtc/goserver/internal/app/api.go:114.27,115.54 1 0
github.com/EremenkoVO/webrtc/goserver/internal/app/api.go:115.54,117.4 1 0
github.com/EremenkoVO/webrtc/goserver/internal/app/api.go:121.2,121.19 1 0
github.com/EremenkoVO/webrtc/goserver/internal/app/api.go:121.19,122.40 1 0
github.com/EremenkoVO/webrtc/goserver/internal/app/api.go:122.40,124.4 1 0
github.com/EremenkoVO/webrtc/goserver/internal/app/api.go:127.2,127.12 1 0
github.com/EremenkoVO/webrtc/goserver/internal/app/api.go:130.39,132.2 1 0
github.com/EremenkoVO/webrtc/goserver/internal/config/cfg.go:13.38,15.2 1 0
github.com/EremenkoVO/webrtc/goserver/internal/db/connector.go:14.70,16.16 2 0
github.com/EremenkoVO/webrtc/goserver/internal/db/connector.go:16.16,18.3 1 0
github.com/EremenkoVO/webrtc/goserver/internal/db/connector.go:20.2,20.52 1 0
github.com/EremenkoVO/webrtc/goserver/internal/db/connector.go:20.52,22.3 1 0
github.com/EremenkoVO/webrtc/goserver/internal/db/connector.go:24.2,24.16 1 0
github.com/EremenkoVO/webrtc/goserver/internal/domain/error.go:20.35,22.2 1 0
github.com/EremenkoVO/webrtc/goserver/internal/domain/error.go:24.56,29.2 1 0
github.com/EremenkoVO/webrtc/goserver/internal/domain/error.go:31.51,32.39 1 0
github.com/EremenkoVO/webrtc/goserver/internal/domain/error.go:32.39,34.3 1 0
github.com/EremenkoVO/webrtc/goserver/internal/domain/error.go:35.2,38.3 1 0
github.com/EremenkoVO/webrtc/goserver/internal/domain/error.go:41.35,42.39 1 0
github.com/EremenkoVO/webrtc/goserver/internal/domain/error.go:42.39,44.3 1 0
github.com/EremenkoVO/webrtc/goserver/internal/domain/error.go:45.2,45.39 1 0
github.com/EremenkoVO/webrtc/goserver/internal/domain/room.go:69.69,72.36 3 0
github.com/EremenkoVO/webrtc/goserver/internal/domain/room.go:72.36,73.19 1 0
github.com/EremenkoVO/webrtc/goserver/internal/domain/room.go:73.19,74.12 1 0
github.com/EremenkoVO/webrtc/goserver/internal/domain/room.go:76.3,76.10 1 0
github.com/EremenkoVO/webrtc/goserver/internal/domain/room.go:77.27,77.27 0 0
github.com/EremenkoVO/webrtc/goserver/internal/domain/room.go:78.11,78.11 0 0
github.com/EremenkoVO/webrtc/goserver/internal/domain/room.go:83.59,85.18 2 0
github.com/EremenkoVO/webrtc/goserver/internal/domain/room.go:85.18,89.20 4 0
github.com/EremenkoVO/webrtc/goserver/internal/domain/room.go:89.20,91.4 1 0
github.com/EremenkoVO/webrtc/goserver/internal/domain/room.go:92.3,92.9 1 0
github.com/EremenkoVO/webrtc/goserver/internal/domain/room.go:94.2,94.30 1 0
github.com/EremenkoVO/webrtc/goserver/internal/gen/api/http.gen.go:221.86,223.88 1 0
github.com/EremenkoVO/webrtc/goserver/internal/gen/api/http.gen.go:223.88,225.3 1 0
github.com/EremenkoVO/webrtc/goserver/internal/gen/api/http.gen.go:227.2,227.52 1 0
github.com/EremenkoVO/webrtc/goserver/internal/gen/api/http.gen.go:227.52,229.3 1 0
github.com/EremenkoVO/webrtc/goserver/internal/gen/api/http.gen.go:231.2,231.25 1 0
github.com/EremenkoVO/webrtc/goserver/internal/gen/api/http.gen.go:235.87,243.88 4 0
github.com/EremenkoVO/webrtc/goserver/internal/gen/api/http.gen.go:243.88,245.3 1 0
github.com/EremenkoVO/webrtc/goserver/internal/gen/api/http.gen.go:247.2,247.52 1 0
github.com/EremenkoVO/webrtc/goserver/internal/gen/api/http.gen.go:247.52,249.3 1 0
github.com/EremenkoVO/webrtc/goserver/internal/gen/api/http.gen.go:251.2,251.25 1 0
github.com/EremenkoVO/webrtc/goserver/internal/gen/api/http.gen.go:255.89,257.88 1 0
github.com/EremenkoVO/webrtc/goserver/internal/gen/api/http.gen.go:257.88,259.3 1 0
github.com/EremenkoVO/webrtc/goserver/internal/gen/api/http.gen.go:261.2,261.52 1 0
github.com/EremenkoVO/webrtc/goserver/internal/gen/api/http.gen.go:261.52,263.3 1 0
github.com/EremenkoVO/webrtc/goserver/internal/gen/api/http.gen.go:265.2,265.25 1 0
github.com/EremenkoVO/webrtc/goserver/internal/gen/api/http.gen.go:269.89,271.88 1 0
github.com/EremenkoVO/webrtc/goserver/internal/gen/api/http.gen.go:271.88,273.3 1 0
github.com/EremenkoVO/webrtc/goserver/internal/gen/api/http.gen.go:275.2,275.52 1 0
github.com/EremenkoVO/webrtc/goserver/internal/gen/api/http.gen.go:275.52,277.3 1 0
github.com/EremenkoVO/webrtc/goserver/internal/gen/api/http.gen.go:279.2,279.25 1 0
github.com/EremenkoVO/webrtc/goserver/internal/gen/api/http.gen.go:283.90,292.64 3 0
github.com/EremenkoVO/webrtc/goserver/internal/gen/api/http.gen.go:292.65,294.3 0 0
github.com/EremenkoVO/webrtc/goserver/internal/gen/api/http.gen.go:294.8,297.3 2 0
github.com/EremenkoVO/webrtc/goserver/internal/gen/api/http.gen.go:299.2,300.16 2 0
github.com/EremenkoVO/webrtc/goserver/internal/gen/api/http.gen.go:300.16,303.3 2 0
github.com/EremenkoVO/webrtc/goserver/internal/gen/api/http.gen.go:307.2,307.63 1 0
github.com/EremenkoVO/webrtc/goserver/internal/gen/api/http.gen.go:307.64,309.3 0 0
github.com/EremenkoVO/webrtc/goserver/internal/gen/api/http.gen.go:309.8,312.3 2 0
github.com/EremenkoVO/webrtc/goserver/internal/gen/api/http.gen.go:314.2,315.16 2 0
github.com/EremenkoVO/webrtc/goserver/internal/gen/api/http.gen.go:315.16,318.3 2 0
github.com/EremenkoVO/webrtc/goserver/internal/gen/api/http.gen.go:322.2,323.16 2 0
github.com/EremenkoVO/webrtc/goserver/internal/gen/api/http.gen.go:323.16,326.3 2 0
github.com/EremenkoVO/webrtc/goserver/internal/gen/api/http.gen.go:328.2,328.88 1 0
github.com/EremenkoVO/webrtc/goserver/internal/gen/api/http.gen.go:328.88,330.3 1 0
github.com/EremenkoVO/webrtc/goserver/internal/gen/api/http.gen.go:332.2,332.52 1 0
github.com/EremenkoVO/webrtc/goserver/internal/gen/api/http.gen.go:332.52,334.3 1 0
github.com/EremenkoVO/webrtc/goserver/internal/gen/api/http.gen.go:336.2,336.25 1 0
github.com/EremenkoVO/webrtc/goserver/internal/gen/api/http.gen.go:340.91,348.88 4 0
github.com/EremenkoVO/webrtc/goserver/internal/gen/api/http.gen.go:348.88,350.3 1 0
github.com/EremenkoVO/webrtc/goserver/internal/gen/api/http.gen.go:352.2,352.52 1 0
github.com/EremenkoVO/webrtc/goserver/internal/gen/api/http.gen.go:352.52,354.3 1 0
github.com/EremenkoVO/webrtc/goserver/internal/gen/api/http.gen.go:356.2,356.25 1 0
github.com/EremenkoVO/webrtc/goserver/internal/gen/api/http.gen.go:360.86,368.88 4 0
github.com/EremenkoVO/webrtc/goserver/internal/gen/api/http.gen.go:368.88,370.3 1 0
github.com/EremenkoVO/webrtc/goserver/internal/gen/api/http.gen.go:372.2,372.52 1 0
github.com/EremenkoVO/webrtc/goserver/internal/gen/api/http.gen.go:372.52,374.3 1 0
github.com/EremenkoVO/webrtc/goserver/internal/gen/api/http.gen.go:376.2,376.25 1 0
github.com/EremenkoVO/webrtc/goserver/internal/gen/api/http.gen.go:380.87,388.88 4 0
github.com/EremenkoVO/webrtc/goserver/internal/gen/api/http.gen.go:388.88,390.3 1 0
github.com/EremenkoVO/webrtc/goserver/internal/gen/api/http.gen.go:392.2,392.52 1 0
github.com/EremenkoVO/webrtc/goserver/internal/gen/api/http.gen.go:392.52,394.3 1 0
github.com/EremenkoVO/webrtc/goserver/internal/gen/api/http.gen.go:396.2,396.25 1 0
github.com/EremenkoVO/webrtc/goserver/internal/gen/api/http.gen.go:400.85,408.16 4 0
github.com/EremenkoVO/webrtc/goserver/internal/gen/api/http.gen.go:408.16,411.3 2 0
github.com/EremenkoVO/webrtc/goserver/internal/gen/api/http.gen.go:413.2,419.88 4 0
github.com/EremenkoVO/webrtc/goserver/internal/gen/api/http.gen.go:419.88,421.3 1 0
github.com/EremenkoVO/webrtc/goserver/internal/gen/api/http.gen.go:423.2,423.52 1 0
github.com/EremenkoVO/webrtc/goserver/internal/gen/api/http.gen.go:423.52,425.3 1 0
github.com/EremenkoVO/webrtc/goserver/internal/gen/api/http.gen.go:427.2,427.25 1 0
github.com/EremenkoVO/webrtc/goserver/internal/gen/api/http.gen.go:431.96,439.16 4 0
github.com/EremenkoVO/webrtc/goserver/internal/gen/api/http.gen.go:439.16,442.3 2 0
github.com/EremenkoVO/webrtc/goserver/internal/gen/api/http.gen.go:444.2,450.88 4 0
github.com/EremenkoVO/webrtc/goserver/internal/gen/api/http.gen.go:450.88,452.3 1 0
github.com/EremenkoVO/webrtc/goserver/internal/gen/api/http.gen.go:454.2,454.52 1 0
github.com/EremenkoVO/webrtc/goserver/internal/gen/api/http.gen.go:454.52,456.3 1 0
github.com/EremenkoVO/webrtc/goserver/internal/gen/api/http.gen.go:458.2,458.25 1 0
github.com/EremenkoVO/webrtc/goserver/internal/gen/api/http.gen.go:462.95,464.88 1 0
github.com/EremenkoVO/webrtc/goserver/internal/gen/api/http.gen.go:464.88,466.3 1 0
github.com/EremenkoVO/webrtc/goserver/internal/gen/api/http.gen.go:468.2,468.52 1 0
github.com/EremenkoVO/webrtc/goserver/internal/gen/api/http.gen.go:468.52,470.3 1 0
github.com/EremenkoVO/webrtc/goserver/internal/gen/api/http.gen.go:472.2,472.25 1 0
github.com/EremenkoVO/webrtc/goserver/internal/gen/api/http.gen.go:480.52,482.2 1 0
github.com/EremenkoVO/webrtc/goserver/internal/gen/api/http.gen.go:484.52,486.2 1 0
github.com/EremenkoVO/webrtc/goserver/internal/gen/api/http.gen.go:493.49,495.2 1 0
github.com/EremenkoVO/webrtc/goserver/internal/gen/api/http.gen.go:497.49,499.2 1 0
github.com/EremenkoVO/webrtc/goserver/internal/gen/api/http.gen.go:505.45,507.2 1 0
github.com/EremenkoVO/webrtc/goserver/internal/gen/api/http.gen.go:514.46,516.2 1 0
github.com/EremenkoVO/webrtc/goserver/internal/gen/api/http.gen.go:518.46,520.2 1 0
github.com/EremenkoVO/webrtc/goserver/internal/gen/api/http.gen.go:527.50,529.2 1 0
github.com/EremenkoVO/webrtc/goserver/internal/gen/api/http.gen.go:531.50,533.2 1 0
github.com/EremenkoVO/webrtc/goserver/internal/gen/api/http.gen.go:540.53,542.2 1 0
github.com/EremenkoVO/webrtc/goserver/internal/gen/api/http.gen.go:545.47,547.2 1 0
github.com/EremenkoVO/webrtc/goserver/internal/gen/api/http.gen.go:563.66,567.2 1 0
github.com/EremenkoVO/webrtc/goserver/internal/gen/api/http.gen.go:569.93,574.2 1 0
github.com/EremenkoVO/webrtc/goserver/internal/gen/api/http.gen.go:577.88,580.14 2 0
github.com/EremenkoVO/webrtc/goserver/internal/gen/api/http.gen.go:580.14,582.3 1 0
github.com/EremenkoVO/webrtc/goserver/internal/gen/api/http.gen.go:583.2,583.37 1 0
github.com/EremenkoVO/webrtc/goserver/internal/gen/api/http.gen.go:583.37,584.86 1 0
github.com/EremenkoVO/webrtc/goserver/internal/gen/api/http.gen.go:584.86,586.4 1 0
github.com/EremenkoVO/webrtc/goserver/internal/gen/api/http.gen.go:589.2,607.10 13 0
github.com/EremenkoVO/webrtc/goserver/internal/pkg/jwt/jwt.go:14.47,16.2 1 0
github.com/EremenkoVO/webrtc/goserver/internal/pkg/jwt/jwt.go:23.88,34.2 3 0
github.com/EremenkoVO/webrtc/goserver/internal/pkg/jwt/jwt.go:36.69,38.16 2 0
github.com/EremenkoVO/webrtc/goserver/internal/pkg/jwt/jwt.go:38.16,40.3 1 0
github.com/EremenkoVO/webrtc/goserver/internal/pkg/jwt/jwt.go:42.2,42.27 1 0
github.com/EremenkoVO/webrtc/goserver/internal/pkg/jwt/jwt.go:45.70,46.96 1 0
github.com/EremenkoVO/webrtc/goserver/internal/pkg/jwt/jwt.go:46.96,48.3 1 0
github.com/EremenkoVO/webrtc/goserver/internal/pkg/jwt/jwt.go:50.2,50.32 1 0
github.com/EremenkoVO/webrtc/goserver/internal/pkg/jwt/jwt.go:50.32,52.3 1 0
github.com/EremenkoVO/webrtc/goserver/internal/pkg/jwt/jwt.go:54.2,55.9 2 0
github.com/EremenkoVO/webrtc/goserver/internal/pkg/jwt/jwt.go:55.9,57.3 1 0
github.com/EremenkoVO/webrtc/goserver/internal/pkg/jwt/jwt.go:59.2,59.20 1 0
github.com/EremenkoVO/webrtc/goserver/internal/pkg/utils/ptr.go:3.27,5.2 1 0
github.com/EremenkoVO/webrtc/goserver/internal/services/admin/service.go:28.22,36.2 1 0
github.com/EremenkoVO/webrtc/goserver/internal/services/admin/service.go:38.74,40.2 1 0
github.com/EremenkoVO/webrtc/goserver/internal/services/admin/service.go:42.106,43.38 1 0
github.com/EremenkoVO/webrtc/goserver/internal/services/admin/service.go:43.38,45.3 1 0
github.com/EremenkoVO/webrtc/goserver/internal/services/admin/service.go:47.2,48.16 2 0
github.com/EremenkoVO/webrtc/goserver/internal/services/admin/service.go:48.16,50.3 1 0
github.com/EremenkoVO/webrtc/goserver/internal/services/admin/service.go:51.2,51.14 1 0
github.com/EremenkoVO/webrtc/goserver/internal/services/admin/service.go:51.14,53.3 1 0
github.com/EremenkoVO/webrtc/goserver/internal/services/admin/service.go:55.2,56.16 2 0
github.com/EremenkoVO/webrtc/goserver/internal/services/admin/service.go:56.16,58.3 1 0
github.com/EremenkoVO/webrtc/goserver/internal/services/admin/service.go:60.2,60.21 1 0
github.com/EremenkoVO/webrtc/goserver/internal/services/admin/service.go:60.21,62.100 1 0
github.com/EremenkoVO/webrtc/goserver/internal/services/admin/service.go:62.100,64.4 1 0
github.com/EremenkoVO/webrtc/goserver/internal/services/admin/service.go:65.3,65.78 1 0
github.com/EremenkoVO/webrtc/goserver/internal/services/admin/service.go:65.78,67.4 1 0
github.com/EremenkoVO/webrtc/goserver/internal/services/admin/service.go:68.8,71.17 2 0
github.com/EremenkoVO/webrtc/goserver/internal/services/admin/service.go:71.17,73.4 1 0
github.com/EremenkoVO/webrtc/goserver/internal/services/admin/service.go:74.3,80.58 2 0
github.com/EremenkoVO/webrtc/goserver/internal/services/admin/service.go:80.58,82.4 1 0
github.com/EremenkoVO/webrtc/goserver/internal/services/admin/service.go:85.2,87.49 2 0
github.com/EremenkoVO/webrtc/goserver/internal/services/admin/service.go:90.85,92.16 2 0
github.com/EremenkoVO/webrtc/goserver/internal/services/admin/service.go:92.16,94.3 1 0
github.com/EremenkoVO/webrtc/goserver/internal/services/admin/service.go:95.2,95.18 1 0
github.com/EremenkoVO/webrtc/goserver/internal/services/admin/service.go:98.79,100.16 2 0
github.com/EremenkoVO/webrtc/goserver/internal/services/admin/service.go:100.16,102.3 1 0
github.com/EremenkoVO/webrtc/goserver/internal/services/admin/service.go:103.2,103.19 1 0
github.com/EremenkoVO/webrtc/goserver/internal/services/admin/service.go:106.85,107.25 1 0
github.com/EremenkoVO/webrtc/goserver/internal/services/admin/service.go:107.25,109.3 1 0
github.com/EremenkoVO/webrtc/goserver/internal/services/admin/service.go:111.2,113.19 3 0
github.com/EremenkoVO/webrtc/goserver/internal/services/admin/service.go:113.19,115.3 1 0
github.com/EremenkoVO/webrtc/goserver/internal/services/admin/service.go:117.2,117.61 1 0
github.com/EremenkoVO/webrtc/goserver/internal/services/admin/service.go:117.61,119.3 1 0
github.com/EremenkoVO/webrtc/goserver/internal/services/admin/service.go:121.2,123.18 3 0
github.com/EremenkoVO/webrtc/goserver/internal/services/admin/service.go:123.18,125.3 1 0
github.com/EremenkoVO/webrtc/goserver/internal/services/admin/service.go:126.2,128.12 2 0
github.com/EremenkoVO/webrtc/goserver/internal/services/admin/service.go:131.102,132.25 1 0
github.com/EremenkoVO/webrtc/goserver/internal/services/admin/service.go:132.25,134.3 1 0
github.com/EremenkoVO/webrtc/goserver/internal/services/admin/service.go:135.2,135.39 1 0
github.com/EremenkoVO/webrtc/goserver/internal/services/admin/service.go:135.39,137.3 1 0
github.com/EremenkoVO/webrtc/goserver/internal/services/admin/service.go:138.2,138.71 1 0
github.com/EremenkoVO/webrtc/goserver/internal/services/admin/service.go:138.71,140.3 1 0
github.com/EremenkoVO/webrtc/goserver/internal/services/admin/service.go:142.2,144.18 3 0
github.com/EremenkoVO/webrtc/goserver/internal/services/admin/service.go:144.18,146.3 1 0
github.com/EremenkoVO/webrtc/goserver/internal/services/admin/service.go:147.2,149.19 3 0
github.com/EremenkoVO/webrtc/goserver/internal/services/admin/service.go:149.19,151.3 1 0
github.com/EremenkoVO/webrtc/goserver/internal/services/admin/service.go:152.2,154.12 2 0
github.com/EremenkoVO/webrtc/goserver/internal/services/admin/service.go:157.79,159.16 2 0
github.com/EremenkoVO/webrtc/goserver/internal/services/admin/service.go:159.16,161.3 1 0
github.com/EremenkoVO/webrtc/goserver/internal/services/admin/service.go:162.2,162.19 1 0
github.com/EremenkoVO/webrtc/goserver/internal/services/admin/service.go:165.90,166.59 1 0
github.com/EremenkoVO/webrtc/goserver/internal/services/admin/service.go:166.59,168.3 1 0
github.com/EremenkoVO/webrtc/goserver/internal/services/admin/service.go:170.2,172.18 3 0
github.com/EremenkoVO/webrtc/goserver/internal/services/admin/service.go:172.18,174.3 1 0
github.com/EremenkoVO/webrtc/goserver/internal/services/admin/service.go:175.2,177.12 2 0
github.com/EremenkoVO/webrtc/goserver/internal/services/admin/service.go:180.98,181.31 1 0
github.com/EremenkoVO/webrtc/goserver/internal/services/admin/service.go:181.31,183.3 1 0
github.com/EremenkoVO/webrtc/goserver/internal/services/admin/service.go:184.2,185.16 2 0
github.com/EremenkoVO/webrtc/goserver/internal/services/admin/service.go:185.16,187.3 1 0
github.com/EremenkoVO/webrtc/goserver/internal/services/admin/service.go:188.2,188.20 1 0
github.com/EremenkoVO/webrtc/goserver/internal/services/admin/service.go:191.82,193.16 2 0
github.com/EremenkoVO/webrtc/goserver/internal/services/admin/service.go:193.16,195.3 1 0
github.com/EremenkoVO/webrtc/goserver/internal/services/admin/service.go:197.2,200.29 3 0
github.com/EremenkoVO/webrtc/goserver/internal/services/admin/service.go:200.29,202.3 1 0
github.com/EremenkoVO/webrtc/goserver/internal/services/admin/service.go:204.2,208.8 1 0
github.com/EremenkoVO/webrtc/goserver/internal/services/auth/service.go:29.21,37.2 1 0
github.com/EremenkoVO/webrtc/goserver/internal/services/auth/service.go:39.108,41.38 1 0
github.com/EremenkoVO/webrtc/goserver/internal/services/auth/service.go:41.38,43.3 1 0
github.com/EremenkoVO/webrtc/goserver/internal/services/auth/service.go:46.2,47.16 2 0
github.com/EremenkoVO/webrtc/goserver/internal/services/auth/service.go:47.16,49.3 1 0
github.com/EremenkoVO/webrtc/goserver/internal/services/auth/service.go:50.2,50.12 1 0
github.com/EremenkoVO/webrtc/goserver/internal/services/auth/service.go:50.12,52.3 1 0
github.com/EremenkoVO/webrtc/goserver/internal/services/auth/service.go:55.2,56.16 2 0
github.com/EremenkoVO/webrtc/goserver/internal/services/auth/service.go:56.16,58.3 1 0
github.com/EremenkoVO/webrtc/goserver/internal/services/auth/service.go:61.2,68.16 3 0
github.com/EremenkoVO/webrtc/goserver/internal/services/auth/service.go:68.16,70.3 1 0
github.com/EremenkoVO/webrtc/goserver/internal/services/auth/service.go:72.2,75.39 2 0
github.com/EremenkoVO/webrtc/goserver/internal/services/auth/service.go:78.105,79.38 1 0
github.com/EremenkoVO/webrtc/goserver/internal/services/auth/service.go:79.38,81.3 1 0
github.com/EremenkoVO/webrtc/goserver/internal/services/auth/service.go:83.2,84.16 2 0
github.com/EremenkoVO/webrtc/goserver/internal/services/auth/service.go:84.16,86.3 1 0
github.com/EremenkoVO/webrtc/goserver/internal/services/auth/service.go:87.2,87.17 1 0
github.com/EremenkoVO/webrtc/goserver/internal/services/auth/service.go:87.17,89.3 1 0
github.com/EremenkoVO/webrtc/goserver/internal/services/auth/service.go:92.2,92.95 1 0
github.com/EremenkoVO/webrtc/goserver/internal/services/auth/service.go:92.95,94.3 1 0
github.com/EremenkoVO/webrtc/goserver/internal/services/auth/service.go:96.2,99.39 3 0
github.com/EremenkoVO/webrtc/goserver/internal/services/auth/service.go:102.106,103.24 1 0
github.com/EremenkoVO/webrtc/goserver/internal/services/auth/service.go:103.24,105.3 1 0
github.com/EremenkoVO/webrtc/goserver/internal/services/auth/service.go:108.2,109.16 2 0
github.com/EremenkoVO/webrtc/goserver/internal/services/auth/service.go:109.16,111.3 1 0
github.com/EremenkoVO/webrtc/goserver/internal/services/auth/service.go:114.2,115.16 2 0
github.com/EremenkoVO/webrtc/goserver/internal/services/auth/service.go:115.16,117.3 1 0
github.com/EremenkoVO/webrtc/goserver/internal/services/auth/service.go:118.2,118.18 1 0
github.com/EremenkoVO/webrtc/goserver/internal/services/auth/service.go:118.18,120.3 1 0
github.com/EremenkoVO/webrtc/goserver/internal/services/auth/service.go:123.2,124.16 2 0
github.com/EremenkoVO/webrtc/goserver/internal/services/auth/service.go:124.16,126.3 1 0
github.com/EremenkoVO/webrtc/goserver/internal/services/auth/service.go:129.2,130.16 2 0
github.com/EremenkoVO/webrtc/goserver/internal/services/auth/service.go:130.16,132.3 1 0
github.com/EremenkoVO/webrtc/goserver/internal/services/auth/service.go:134.2,134.20 1 0
github.com/EremenkoVO/webrtc/goserver/internal/services/auth/service.go:137.77,139.16 2 0
github.com/EremenkoVO/webrtc/goserver/internal/services/auth/service.go:139.16,141.3 1 0
github.com/EremenkoVO/webrtc/goserver/internal/services/auth/service.go:143.2,147.16 3 0
github.com/EremenkoVO/webrtc/goserver/internal/services/auth/service.go:147.16,149.3 1 0
github.com/EremenkoVO/webrtc/goserver/internal/services/auth/service.go:151.2,154.12 3 0
github.com/EremenkoVO/webrtc/goserver/internal/services/auth/service.go:157.85,159.12 2 0
github.com/EremenkoVO/webrtc/goserver/internal/services/auth/service.go:159.12,161.3 1 0
github.com/EremenkoVO/webrtc/goserver/internal/services/auth/service.go:163.2,163.20 1 0
github.com/EremenkoVO/webrtc/goserver/internal/services/auth/service.go:166.99,171.16 4 0
github.com/EremenkoVO/webrtc/goserver/internal/services/auth/service.go:171.16,173.3 1 0
github.com/EremenkoVO/webrtc/goserver/internal/services/auth/service.go:175.2,176.16 2 0
github.com/EremenkoVO/webrtc/goserver/internal/services/auth/service.go:176.16,178.3 1 0
github.com/EremenkoVO/webrtc/goserver/internal/services/auth/service.go:181.2,182.16 2 0
github.com/EremenkoVO/webrtc/goserver/internal/services/auth/service.go:182.16,184.3 1 0
github.com/EremenkoVO/webrtc/goserver/internal/services/auth/service.go:185.2,195.16 4 0
github.com/EremenkoVO/webrtc/goserver/internal/services/auth/service.go:195.16,197.3 1 0
github.com/EremenkoVO/webrtc/goserver/internal/services/auth/service.go:199.2,204.8 1 0
github.com/EremenkoVO/webrtc/goserver/internal/services/auth/service.go:207.23,209.2 1 0
github.com/EremenkoVO/webrtc/goserver/internal/services/chat/hydrate.go:12.42,13.13 1 0
github.com/EremenkoVO/webrtc/goserver/internal/services/chat/hydrate.go:13.13,15.3 1 0
github.com/EremenkoVO/webrtc/goserver/internal/services/chat/hydrate.go:16.2,16.22 1 0
github.com/EremenkoVO/webrtc/goserver/internal/services/chat/hydrate.go:16.22,17.25 1 0
github.com/EremenkoVO/webrtc/goserver/internal/services/chat/hydrate.go:17.25,19.4 1 0
github.com/EremenkoVO/webrtc/goserver/internal/services/chat/hydrate.go:21.2,22.27 2 0
github.com/EremenkoVO/webrtc/goserver/internal/services/chat/hydrate.go:22.27,24.3 1 0
github.com/EremenkoVO/webrtc/goserver/internal/services/chat/hydrate.go:25.2,25.17 1 0
github.com/EremenkoVO/webrtc/goserver/internal/services/chat/hydrate.go:28.67,29.22 1 0
github.com/EremenkoVO/webrtc/goserver/internal/services/chat/hydrate.go:29.22,31.3 1 0
github.com/EremenkoVO/webrtc/goserver/internal/services/chat/hydrate.go:32.2,34.33 3 0
github.com/EremenkoVO/webrtc/goserver/internal/services/chat/hydrate.go:34.33,35.26 1 0
github.com/EremenkoVO/webrtc/goserver/internal/services/chat/hydrate.go:35.26,36.38 1 0
github.com/EremenkoVO/webrtc/goserver/internal/services/chat/hydrate.go:36.38,37.32 1 0
github.com/EremenkoVO/webrtc/goserver/internal/services/chat/hydrate.go:37.32,38.14 1 0
github.com/EremenkoVO/webrtc/goserver/internal/services/chat/hydrate.go:40.5,41.26 2 0
github.com/EremenkoVO/webrtc/goserver/internal/services/chat/hydrate.go:45.2,45.12 1 0
github.com/EremenkoVO/webrtc/goserver/internal/services/chat/hydrate.go:48.60,51.22 3 0
github.com/EremenkoVO/webrtc/goserver/internal/services/chat/hydrate.go:51.22,52.14 1 0
github.com/EremenkoVO/webrtc/goserver/internal/services/chat/hydrate.go:52.14,54.4 1 0
github.com/EremenkoVO/webrtc/goserver/internal/services/chat/hydrate.go:55.3,55.28 1 0
github.com/EremenkoVO/webrtc/goserver/internal/services/chat/hydrate.go:55.28,57.4 1 0
github.com/EremenkoVO/webrtc/goserver/internal/services/chat/hydrate.go:58.3,59.24 2 0
github.com/EremenkoVO/webrtc/goserver/internal/services/chat/hydrate.go:61.2,61.25 1 0
github.com/EremenkoVO/webrtc/goserver/internal/services/chat/hydrate.go:61.25,62.15 1 0
github.com/EremenkoVO/webrtc/goserver/internal/services/chat/hydrate.go:62.15,63.12 1 0
github.com/EremenkoVO/webrtc/goserver/internal/services/chat/hydrate.go:65.3,65.36 1 0
github.com/EremenkoVO/webrtc/goserver/internal/services/chat/hydrate.go:65.36,66.27 1 0
github.com/EremenkoVO/webrtc/goserver/internal/services/chat/hydrate.go:66.27,67.39 1 0
github.com/EremenkoVO/webrtc/goserver/internal/services/chat/hydrate.go:67.39,69.6 1 0
github.com/EremenkoVO/webrtc/goserver/internal/services/chat/hydrate.go:72.3,72.27 1 0
github.com/EremenkoVO/webrtc/goserver/internal/services/chat/hydrate.go:72.27,73.47 1 0
github.com/EremenkoVO/webrtc/goserver/internal/services/chat/hydrate.go:73.47,75.5 1 0
github.com/EremenkoVO/webrtc/goserver/internal/services/chat/hydrate.go:77.3,77.53 1 0
github.com/EremenkoVO/webrtc/goserver/internal/services/chat/hydrate.go:77.53,79.4 1 0
github.com/EremenkoVO/webrtc/goserver/internal/services/chat/hydrate.go:81.2,81.12 1 0
github.com/EremenkoVO/webrtc/goserver/internal/services/chat/hydrate.go:84.89,85.41 1 0
github.com/EremenkoVO/webrtc/goserver/internal/services/chat/hydrate.go:85.41,87.3 1 0
github.com/EremenkoVO/webrtc/goserver/internal/services/chat/hydrate.go:88.2,88.37 1 0
github.com/EremenkoVO/webrtc/goserver/internal/services/chat/hydrate.go:88.37,91.26 3 0
github.com/EremenkoVO/webrtc/goserver/internal/services/chat/hydrate.go:91.26,93.38 2 0
github.com/EremenkoVO/webrtc/goserver/internal/services/chat/hydrate.go:93.38,94.42 1 0
github.com/EremenkoVO/webrtc/goserver/internal/services/chat/hydrate.go:94.42,96.6 1 0
github.com/EremenkoVO/webrtc/goserver/internal/services/chat/hydrate.go:98.4,98.31 1 0
github.com/EremenkoVO/webrtc/goserver/internal/services/chat/hydrate.go:98.31,99.13 1 0
github.com/EremenkoVO/webrtc/goserver/internal/services/chat/hydrate.go:101.4,102.25 2 0
github.com/EremenkoVO/webrtc/goserver/internal/services/chat/hydrate.go:104.3,104.25 1 0
github.com/EremenkoVO/webrtc/goserver/internal/services/chat/hydrate.go:108.72,109.33 1 0
github.com/EremenkoVO/webrtc/goserver/internal/services/chat/hydrate.go:109.33,111.3 1 0
github.com/EremenkoVO/webrtc/goserver/internal/services/chat/hydrate.go:112.2,112.26 1 0
github.com/EremenkoVO/webrtc/goserver/internal/services/chat/hydrate.go:112.26,113.46 1 0
github.com/EremenkoVO/webrtc/goserver/internal/services/chat/hydrate.go:113.46,114.41 1 0
github.com/EremenkoVO/webrtc/goserver/internal/services/chat/hydrate.go:114.41,116.5 1 0
github.com/EremenkoVO/webrtc/goserver/internal/services/chat/hydrate.go:119.2,119.52 1 0
github.com/EremenkoVO/webrtc/goserver/internal/services/chat/hydrate.go:119.52,120.40 1 0
github.com/EremenkoVO/webrtc/goserver/internal/services/chat/hydrate.go:120.40,122.4 1 0
github.com/EremenkoVO/webrtc/goserver/internal/services/chat/hydrate.go:126.92,127.41 1 0
github.com/EremenkoVO/webrtc/goserver/internal/services/chat/hydrate.go:127.41,129.3 1 0
github.com/EremenkoVO/webrtc/goserver/internal/services/chat/hydrate.go:130.2,131.19 2 0
github.com/EremenkoVO/webrtc/goserver/internal/services/chat/hydrate.go:131.19,133.3 1 0
github.com/EremenkoVO/webrtc/goserver/internal/services/chat/hydrate.go:134.2,135.16 2 0
github.com/EremenkoVO/webrtc/goserver/internal/services/chat/hydrate.go:135.16,138.3 2 0
github.com/EremenkoVO/webrtc/goserver/internal/services/chat/hydrate.go:139.2,139.25 1 0
github.com/EremenkoVO/webrtc/goserver/internal/services/chat/hydrate.go:139.25,141.3 1 0
github.com/EremenkoVO/webrtc/goserver/internal/services/chat/hydrate.go:142.2,142.25 1 0
github.com/EremenkoVO/webrtc/goserver/internal/services/chat/hydrate.go:142.25,144.3 1 0
github.com/EremenkoVO/webrtc/goserver/internal/services/chat/hydrate.go:147.105,148.43 1 0
github.com/EremenkoVO/webrtc/goserver/internal/services/chat/hydrate.go:148.43,150.3 1 0
github.com/EremenkoVO/webrtc/goserver/internal/services/chat/hydrate.go:151.2,152.19 2 0
github.com/EremenkoVO/webrtc/goserver/internal/services/chat/hydrate.go:152.19,154.3 1 0
github.com/EremenkoVO/webrtc/goserver/internal/services/chat/hydrate.go:155.2,156.16 2 0
github.com/EremenkoVO/webrtc/goserver/internal/services/chat/hydrate.go:156.16,158.3 1 0
github.com/EremenkoVO/webrtc/goserver/internal/services/chat/hydrate.go:159.2,160.12 2 0
github.com/EremenkoVO/webrtc/goserver/internal/services/chat/hydrate.go:163.79,164.25 1 0
github.com/EremenkoVO/webrtc/goserver/internal/services/chat/hydrate.go:164.25,165.38 1 0
github.com/EremenkoVO/webrtc/goserver/internal/services/chat/hydrate.go:165.38,167.4 1 0
github.com/EremenkoVO/webrtc/goserver/internal/services/chat/hydrate.go:169.2,169.14 1 0
github.com/EremenkoVO/webrtc/goserver/internal/services/chat/hydrate.go:172.85,174.25 2 0
github.com/EremenkoVO/webrtc/goserver/internal/services/chat/hydrate.go:174.25,175.38 1 0
github.com/EremenkoVO/webrtc/goserver/internal/services/chat/hydrate.go:175.38,176.12 1 0
github.com/EremenkoVO/webrtc/goserver/internal/services/chat/hydrate.go:178.3,178.23 1 0
github.com/EremenkoVO/webrtc/goserver/internal/services/chat/hydrate.go:180.2,180.12 1 0
github.com/EremenkoVO/webrtc/goserver/internal/services/chat/service.go:29.98,35.2 1 0
github.com/EremenkoVO/webrtc/goserver/internal/services/chat/service.go:37.60,40.34 3 0
github.com/EremenkoVO/webrtc/goserver/internal/services/chat/service.go:40.34,42.3 1 0
github.com/EremenkoVO/webrtc/goserver/internal/services/chat/service.go:43.2,45.10 3 0
github.com/EremenkoVO/webrtc/goserver/internal/services/chat/service.go:48.104,79.16 10 0
github.com/EremenkoVO/webrtc/goserver/internal/services/chat/service.go:79.16,81.3 1 0
github.com/EremenkoVO/webrtc/goserver/internal/services/chat/service.go:82.2,82.22 1 0
github.com/EremenkoVO/webrtc/goserver/internal/services/chat/service.go:82.22,89.3 2 0
github.com/EremenkoVO/webrtc/goserver/internal/services/chat/service.go:92.2,100.15 2 0
github.com/EremenkoVO/webrtc/goserver/internal/services/chat/service.go:100.15,113.3 5 0
github.com/EremenkoVO/webrtc/goserver/internal/services/chat/service.go:116.2,116.6 1 0
github.com/EremenkoVO/webrtc/goserver/internal/services/chat/service.go:116.6,118.45 2 0
github.com/EremenkoVO/webrtc/goserver/internal/services/chat/service.go:118.45,121.4 2 0
github.com/EremenkoVO/webrtc/goserver/internal/services/chat/service.go:123.3,124.18 2 0
github.com/EremenkoVO/webrtc/goserver/internal/services/chat/service.go:125.23,127.18 2 0
github.com/EremenkoVO/webrtc/goserver/internal/services/chat/service.go:127.18,129.13 2 0
github.com/EremenkoVO/webrtc/goserver/internal/services/chat/service.go:131.4,142.66 2 0
github.com/EremenkoVO/webrtc/goserver/internal/services/chat/service.go:142.66,144.19 2 0
github.com/EremenkoVO/webrtc/goserver/internal/services/chat/service.go:144.19,146.6 1 0
github.com/EremenkoVO/webrtc/goserver/internal/services/chat/service.go:147.5,147.19 1 0
github.com/EremenkoVO/webrtc/goserver/internal/services/chat/service.go:147.19,151.27 4 0
github.com/EremenkoVO/webrtc/goserver/internal/services/chat/service.go:151.27,153.7 1 0
github.com/EremenkoVO/webrtc/goserver/internal/services/chat/service.go:153.12,155.7 1 0
github.com/EremenkoVO/webrtc/goserver/internal/services/chat/service.go:158.4,158.56 1 0
github.com/EremenkoVO/webrtc/goserver/internal/services/chat/service.go:158.56,161.13 3 0
github.com/EremenkoVO/webrtc/goserver/internal/services/chat/service.go:163.4,164.33 2 0
github.com/EremenkoVO/webrtc/goserver/internal/services/chat/service.go:166.17,168.43 2 0
github.com/EremenkoVO/webrtc/goserver/internal/services/chat/service.go:168.43,170.5 1 0
github.com/EremenkoVO/webrtc/goserver/internal/services/chat/service.go:171.4,177.21 1 0
github.com/EremenkoVO/webrtc/goserver/internal/services/chat/service.go:179.23,182.23 3 0
github.com/EremenkoVO/webrtc/goserver/internal/services/chat/service.go:182.23,184.13 2 0
github.com/EremenkoVO/webrtc/goserver/internal/services/chat/service.go:186.4,186.21 1 0
github.com/EremenkoVO/webrtc/goserver/internal/services/chat/service.go:186.21,188.13 2 0
github.com/EremenkoVO/webrtc/goserver/internal/services/chat/service.go:190.4,191.18 2 0
github.com/EremenkoVO/webrtc/goserver/internal/services/chat/service.go:191.18,194.13 3 0
github.com/EremenkoVO/webrtc/goserver/internal/services/chat/service.go:196.4,196.19 1 0
github.com/EremenkoVO/webrtc/goserver/internal/services/chat/service.go:196.19,198.13 2 0
github.com/EremenkoVO/webrtc/goserver/internal/services/chat/service.go:200.4,200.26 1 0
github.com/EremenkoVO/webrtc/goserver/internal/services/chat/service.go:200.26,202.13 2 0
github.com/EremenkoVO/webrtc/goserver/internal/services/chat/service.go:204.4,204.72 1 0
github.com/EremenkoVO/webrtc/goserver/internal/services/chat/service.go:204.72,207.13 3 0
github.com/EremenkoVO/webrtc/goserver/internal/services/chat/service.go:209.4,215.6 1 0
github.com/EremenkoVO/webrtc/goserver/internal/services/chat/service.go:217.25,219.23 2 0
github.com/EremenkoVO/webrtc/goserver/internal/services/chat/service.go:219.23,221.13 2 0
github.com/EremenkoVO/webrtc/goserver/internal/services/chat/service.go:223.4,224.18 2 0
github.com/EremenkoVO/webrtc/goserver/internal/services/chat/service.go:224.18,227.13 3 0
github.com/EremenkoVO/webrtc/goserver/internal/services/chat/service.go:229.4,229.19 1 0
github.com/EremenkoVO/webrtc/goserver/internal/services/chat/service.go:229.19,231.13 2 0
github.com/EremenkoVO/webrtc/goserver/internal/services/chat/service.go:233.4,233.26 1 0
github.com/EremenkoVO/webrtc/goserver/internal/services/chat/service.go:233.26,235.13 2 0
github.com/EremenkoVO/webrtc/goserver/internal/services/chat/service.go:237.4,237.59 1 0
github.com/EremenkoVO/webrtc/goserver/internal/services/chat/service.go:237.59,240.13 3 0
github.com/EremenkoVO/webrtc/goserver/internal/services/chat/service.go:242.4,246.6 1 0
github.com/EremenkoVO/webrtc/goserver/internal/services/chat/service.go:248.23,251.38 3 0
github.com/EremenkoVO/webrtc/goserver/internal/services/chat/service.go:251.38,253.13 2 0
github.com/EremenkoVO/webrtc/goserver/internal/services/chat/service.go:255.4,256.35 2 0
github.com/EremenkoVO/webrtc/goserver/internal/services/chat/service.go:256.35,258.13 2 0
github.com/EremenkoVO/webrtc/goserver/internal/services/chat/service.go:260.4,260.31 1 0
github.com/EremenkoVO/webrtc/goserver/internal/services/chat/service.go:260.31,262.5 1 0
github.com/EremenkoVO/webrtc/goserver/internal/services/chat/service.go:263.4,263.79 1 0
github.com/EremenkoVO/webrtc/goserver/internal/services/chat/service.go:263.79,266.13 3 0
github.com/EremenkoVO/webrtc/goserver/internal/services/chat/service.go:268.4,268.79 1 0
github.com/EremenkoVO/webrtc/goserver/internal/services/chat/service.go:268.79,270.5 1 0
github.com/EremenkoVO/webrtc/goserver/internal/services/chat/service.go:271.4,271.86 1 0
github.com/EremenkoVO/webrtc/goserver/internal/services/chat/service.go:271.86,274.13 3 0
github.com/EremenkoVO/webrtc/goserver/internal/services/chat/service.go:276.4,282.6 1 0
github.com/EremenkoVO/webrtc/goserver/internal/services/chat/service.go:284.26,287.38 3 0
github.com/EremenkoVO/webrtc/goserver/internal/services/chat/service.go:287.38,289.13 2 0
github.com/EremenkoVO/webrtc/goserver/internal/services/chat/service.go:291.4,292.35 2 0
github.com/EremenkoVO/webrtc/goserver/internal/services/chat/service.go:292.35,294.13 2 0
github.com/EremenkoVO/webrtc/goserver/internal/services/chat/service.go:296.4,296.31 1 0
github.com/EremenkoVO/webrtc/goserver/internal/services/chat/service.go:296.31,297.80 1 0
github.com/EremenkoVO/webrtc/goserver/internal/services/chat/service.go:297.80,300.14 3 0
github.com/EremenkoVO/webrtc/goserver/internal/services/chat/service.go:302.5,303.42 2 0
github.com/EremenkoVO/webrtc/goserver/internal/services/chat/service.go:303.42,305.6 1 0
github.com/EremenkoVO/webrtc/goserver/internal/services/chat/service.go:307.4,307.86 1 0
github.com/EremenkoVO/webrtc/goserver/internal/services/chat/service.go:307.86,310.13 3 0
github.com/EremenkoVO/webrtc/goserver/internal/services/chat/service.go:312.4,318.6 1 0
github.com/EremenkoVO/webrtc/goserver/internal/services/chat/service.go:320.26,327.21 2 0
github.com/EremenkoVO/webrtc/goserver/internal/services/chat/service.go:329.11,330.102 1 0
github.com/EremenkoVO/webrtc/goserver/internal/services/chat/service.go:335.59,336.45 1 0
github.com/EremenkoVO/webrtc/goserver/internal/services/chat/service.go:336.45,338.3 1 0
github.com/EremenkoVO/webrtc/goserver/internal/services/chat/service.go:339.2,342.8 4 0
github.com/EremenkoVO/webrtc/goserver/internal/services/chat/service.go:342.8,344.3 1 0
github.com/EremenkoVO/webrtc/goserver/internal/services/chat/service.go:347.57,350.33 3 0
github.com/EremenkoVO/webrtc/goserver/internal/services/chat/service.go:350.33,351.47 1 0
github.com/EremenkoVO/webrtc/goserver/internal/services/chat/service.go:351.47,353.4 1 0
github.com/EremenkoVO/webrtc/goserver/internal/services/chat/service.go:357.81,360.38 3 0
github.com/EremenkoVO/webrtc/goserver/internal/services/chat/service.go:360.38,361.29 1 0
github.com/EremenkoVO/webrtc/goserver/internal/services/chat/service.go:361.29,362.12 1 0
github.com/EremenkoVO/webrtc/goserver/internal/services/chat/service.go:364.3,364.47 1 0
github.com/EremenkoVO/webrtc/goserver/internal/services/chat/service.go:364.47,366.4 1 0
github.com/EremenkoVO/webrtc/goserver/internal/services/room/service.go:23.57,28.2 1 0
github.com/EremenkoVO/webrtc/goserver/internal/services/room/service.go:30.66,31.20 1 0
github.com/EremenkoVO/webrtc/goserver/internal/services/room/service.go:31.20,33.3 1 0
github.com/EremenkoVO/webrtc/goserver/internal/services/room/service.go:34.2,44.53 3 0
github.com/EremenkoVO/webrtc/goserver/internal/services/room/service.go:44.53,47.3 1 0
github.com/EremenkoVO/webrtc/goserver/internal/services/room/service.go:50.2,54.13 4 0
github.com/EremenkoVO/webrtc/goserver/internal/services/room/service.go:57.55,63.12 4 0
github.com/EremenkoVO/webrtc/goserver/internal/services/room/service.go:63.12,65.3 1 0
github.com/EremenkoVO/webrtc/goserver/internal/services/room/service.go:68.2,70.16 3 0
github.com/EremenkoVO/webrtc/goserver/internal/services/room/service.go:70.16,73.3 2 0
github.com/EremenkoVO/webrtc/goserver/internal/services/room/service.go:75.2,75.19 1 0
github.com/EremenkoVO/webrtc/goserver/internal/services/room/service.go:75.19,77.3 1 0
github.com/EremenkoVO/webrtc/goserver/internal/services/room/service.go:80.2,84.15 4 0
github.com/EremenkoVO/webrtc/goserver/internal/services/room/service.go:87.46,91.16 3 0
github.com/EremenkoVO/webrtc/goserver/internal/services/room/service.go:91.16,97.32 5 0
github.com/EremenkoVO/webrtc/goserver/internal/services/room/service.go:97.32,99.4 1 0
github.com/EremenkoVO/webrtc/goserver/internal/services/room/service.go:100.3,100.15 1 0
github.com/EremenkoVO/webrtc/goserver/internal/services/room/service.go:104.2,112.31 5 0
github.com/EremenkoVO/webrtc/goserver/internal/services/room/service.go:112.31,113.54 1 0
github.com/EremenkoVO/webrtc/goserver/internal/services/room/service.go:113.54,116.4 1 0
github.com/EremenkoVO/webrtc/goserver/internal/services/room/service.go:119.2,119.16 1 0
github.com/EremenkoVO/webrtc/goserver/internal/services/room/service.go:123.71,125.17 2 0
github.com/EremenkoVO/webrtc/goserver/internal/services/room/service.go:125.17,127.3 1 0
github.com/EremenkoVO/webrtc/goserver/internal/services/room/service.go:129.2,133.38 4 0
github.com/EremenkoVO/webrtc/goserver/internal/services/room/service.go:133.38,135.3 1 0
github.com/EremenkoVO/webrtc/goserver/internal/services/room/service.go:136.2,136.21 1 0
github.com/EremenkoVO/webrtc/goserver/internal/services/room/service.go:139.67,152.2 6 0
github.com/EremenkoVO/webrtc/goserver/internal/services/room/service.go:154.51,155.15 1 0
github.com/EremenkoVO/webrtc/goserver/internal/services/room/service.go:155.15,156.25 1 0
github.com/EremenkoVO/webrtc/goserver/internal/services/room/service.go:156.25,161.4 4 0
github.com/EremenkoVO/webrtc/goserver/internal/services/room/service.go:162.3,162.26 1 0
github.com/EremenkoVO/webrtc/goserver/internal/services/room/service.go:165.2,165.6 1 0
github.com/EremenkoVO/webrtc/goserver/internal/services/room/service.go:165.6,167.52 2 0
github.com/EremenkoVO/webrtc/goserver/internal/services/room/service.go:167.52,170.4 2 0
github.com/EremenkoVO/webrtc/goserver/internal/services/room/service.go:172.3,172.19 1 0
github.com/EremenkoVO/webrtc/goserver/internal/services/room/service.go:173.15,175.19 2 0
github.com/EremenkoVO/webrtc/goserver/internal/services/room/service.go:175.19,176.13 1 0
github.com/EremenkoVO/webrtc/goserver/internal/services/room/service.go:178.4,189.75 6 0
github.com/EremenkoVO/webrtc/goserver/internal/services/room/service.go:189.75,191.34 2 0
github.com/EremenkoVO/webrtc/goserver/internal/services/room/service.go:191.34,192.29 1 0
github.com/EremenkoVO/webrtc/goserver/internal/services/room/service.go:192.29,193.17 1 0
github.com/EremenkoVO/webrtc/goserver/internal/services/room/service.go:196.8,196.34 1 0
github.com/EremenkoVO/webrtc/goserver/internal/services/room/service.go:198.7,198.23 1 0
github.com/EremenkoVO/webrtc/goserver/internal/services/room/service.go:202.4,205.5 1 0
github.com/EremenkoVO/webrtc/goserver/internal/services/room/service.go:207.33,208.26 1 0
github.com/EremenkoVO/webrtc/goserver/internal/services/room/service.go:208.26,209.13 1 0
github.com/EremenkoVO/webrtc/goserver/internal/services/room/service.go:211.4,211.39 1 0
github.com/EremenkoVO/webrtc/goserver/internal/services/room/service.go:213.22,214.26 1 0
github.com/EremenkoVO/webrtc/goserver/internal/services/room/service.go:214.26,215.13 1 0
github.com/EremenkoVO/webrtc/goserver/internal/services/room/service.go:218.4,218.47 1 0
github.com/EremenkoVO/webrtc/goserver/internal/services/room/service.go:220.16,221.26 1 0
github.com/EremenkoVO/webrtc/goserver/internal/services/room/service.go:221.26,227.5 5 0
github.com/EremenkoVO/webrtc/goserver/internal/services/room/service.go:232.73,233.6 1 0
github.com/EremenkoVO/webrtc/goserver/internal/services/room/service.go:233.6,234.10 1 0
github.com/EremenkoVO/webrtc/goserver/internal/services/room/service.go:235.21,236.10 1 0
github.com/EremenkoVO/webrtc/goserver/internal/services/room/service.go:237.29,238.53 1 0
github.com/EremenkoVO/webrtc/goserver/internal/services/room/service.go:238.53,241.5 2 0
github.com/EremenkoVO/webrtc/goserver/internal/services/user/service.go:16.70,18.2 1 0
github.com/EremenkoVO/webrtc/goserver/internal/services/user/service.go:20.89,22.16 2 0
github.com/EremenkoVO/webrtc/goserver/internal/services/user/service.go:22.16,24.3 1 0
github.com/EremenkoVO/webrtc/goserver/internal/services/user/service.go:25.2,25.17 1 0
github.com/EremenkoVO/webrtc/goserver/internal/services/user/service.go:25.17,27.3 1 0
github.com/EremenkoVO/webrtc/goserver/internal/services/user/service.go:29.2,35.8 1 0
github.com/EremenkoVO/webrtc/goserver/internal/services/user/service.go:38.108,39.80 1 0
github.com/EremenkoVO/webrtc/goserver/internal/services/user/service.go:39.80,41.3 1 0
github.com/EremenkoVO/webrtc/goserver/internal/services/user/service.go:42.2,42.12 1 0
github.com/EremenkoVO/webrtc/goserver/internal/services/user/service.go:45.95,47.16 2 0
github.com/EremenkoVO/webrtc/goserver/internal/services/user/service.go:47.16,49.3 1 0
github.com/EremenkoVO/webrtc/goserver/internal/services/user/service.go:50.2,50.20 1 0
github.com/EremenkoVO/webrtc/goserver/internal/services/user/service.go:50.20,52.3 1 0
github.com/EremenkoVO/webrtc/goserver/internal/services/user/service.go:53.2,53.31 1 0
github.com/EremenkoVO/webrtc/goserver/internal/services/user/service.go:56.114,57.48 1 0
github.com/EremenkoVO/webrtc/goserver/internal/services/user/service.go:57.48,59.3 1 0
github.com/EremenkoVO/webrtc/goserver/internal/services/user/service.go:61.2,62.16 2 0
github.com/EremenkoVO/webrtc/goserver/internal/services/user/service.go:62.16,64.3 1 0
github.com/EremenkoVO/webrtc/goserver/internal/services/user/service.go:65.2,65.17 1 0
github.com/EremenkoVO/webrtc/goserver/internal/services/user/service.go:65.17,67.3 1 0
github.com/EremenkoVO/webrtc/goserver/internal/services/user/service.go:69.2,69.102 1 0
github.com/EremenkoVO/webrtc/goserver/internal/services/user/service.go:69.102,71.3 1 0
github.com/EremenkoVO/webrtc/goserver/internal/services/user/service.go:73.2,74.16 2 0
github.com/EremenkoVO/webrtc/goserver/internal/services/user/service.go:74.16,76.3 1 0
github.com/EremenkoVO/webrtc/goserver/internal/services/user/service.go:78.2,78.79 1 0
github.com/EremenkoVO/webrtc/goserver/internal/services/user/service.go:78.79,80.3 1 0
github.com/EremenkoVO/webrtc/goserver/internal/services/user/service.go:82.2,82.12 1 0
github.com/EremenkoVO/webrtc/goserver/migrations/migrator.go:15.53,18.52 2 0
github.com/EremenkoVO/webrtc/goserver/migrations/migrator.go:18.52,20.3 1 0
github.com/EremenkoVO/webrtc/goserver/migrations/migrator.go:22.2,22.54 1 0
github.com/EremenkoVO/webrtc/goserver/migrations/migrator.go:22.54,24.3 1 0
github.com/EremenkoVO/webrtc/goserver/migrations/migrator.go:26.2,26.12 1 0
